Component: ARM Compiler 5.06 update 4 (build 422) Tool: armlink [4d35d2]

==============================================================================

Section Cross References

    delay.o(i.DelayInit) refers to system_stm32f10x.o(i.SystemCoreClockUpdate) for SystemCoreClockUpdate
    delay.o(i.DelayInit) refers to system_stm32f10x.o(.data) for SystemCoreClock
    delay.o(i.DelayMs) refers to delay.o(i.DelayUs) for DelayUs
    delay.o(i.DelayUs) refers to delay.o(.data) for usTicks
    delay.o(i.SysTick_Handler) refers to delay.o(.data) for usTicks
    main.o(i.I2C_Setup) refers to stm32f10x_i2c.o(i.I2C_Cmd) for I2C_Cmd
    main.o(i.I2C_Setup) refers to stm32f10x_rcc.o(i.RCC_APB1PeriphClockCmd) for RCC_APB1PeriphClockCmd
    main.o(i.I2C_Setup) refers to stm32f10x_rcc.o(i.RCC_APB2PeriphClockCmd) for RCC_APB2PeriphClockCmd
    main.o(i.I2C_Setup) refers to stm32f10x_gpio.o(i.GPIO_Init) for GPIO_Init
    main.o(i.I2C_Setup) refers to stm32f10x_i2c.o(i.I2C_Init) for I2C_Init
    main.o(i.Receive) refers to stm32f10x_i2c.o(i.I2C_AcknowledgeConfig) for I2C_AcknowledgeConfig
    main.o(i.Receive) refers to stm32f10x_i2c.o(i.I2C_GetFlagStatus) for I2C_GetFlagStatus
    main.o(i.Receive) refers to stm32f10x_i2c.o(i.I2C_GenerateSTART) for I2C_GenerateSTART
    main.o(i.Receive) refers to stm32f10x_i2c.o(i.I2C_Send7bitAddress) for I2C_Send7bitAddress
    main.o(i.Receive) refers to stm32f10x_i2c.o(i.I2C_CheckEvent) for I2C_CheckEvent
    main.o(i.Receive) refers to stm32f10x_i2c.o(i.I2C_SendData) for I2C_SendData
    main.o(i.Receive) refers to stm32f10x_i2c.o(i.I2C_ReceiveData) for I2C_ReceiveData
    main.o(i.Receive) refers to stm32f10x_i2c.o(i.I2C_NACKPositionConfig) for I2C_NACKPositionConfig
    main.o(i.Receive) refers to stm32f10x_i2c.o(i.I2C_GenerateSTOP) for I2C_GenerateSTOP
    main.o(i.Receive) refers to dflt_clz.o(x$fpl$dflt) for __aeabi_i2d
    main.o(i.Receive) refers to dmul.o(x$fpl$dmul) for __aeabi_dmul
    main.o(i.Receive) refers to d2f.o(x$fpl$d2f) for __aeabi_d2f
    main.o(i.Receive) refers to main.o(.data) for temp
    main.o(i.initGPIO) refers to stm32f10x_rcc.o(i.RCC_APB2PeriphClockCmd) for RCC_APB2PeriphClockCmd
    main.o(i.initGPIO) refers to stm32f10x_gpio.o(i.GPIO_Init) for GPIO_Init
    main.o(i.initGPIO) refers to main.o(.data) for GPIO_InitStructure
    main.o(i.init_TMP102) refers to stm32f10x_i2c.o(i.I2C_GenerateSTART) for I2C_GenerateSTART
    main.o(i.init_TMP102) refers to stm32f10x_i2c.o(i.I2C_GetFlagStatus) for I2C_GetFlagStatus
    main.o(i.init_TMP102) refers to stm32f10x_i2c.o(i.I2C_Send7bitAddress) for I2C_Send7bitAddress
    main.o(i.init_TMP102) refers to stm32f10x_i2c.o(i.I2C_CheckEvent) for I2C_CheckEvent
    main.o(i.init_TMP102) refers to stm32f10x_i2c.o(i.I2C_SendData) for I2C_SendData
    main.o(i.init_TMP102) refers to stm32f10x_i2c.o(i.I2C_GenerateSTOP) for I2C_GenerateSTOP
    main.o(i.main) refers to _printf_percent.o(.ARM.Collect$$_printf_percent$$00000000) for _printf_percent
    main.o(i.main) refers to _printf_f.o(.ARM.Collect$$_printf_percent$$00000003) for _printf_f
    main.o(i.main) refers to printf1.o(x$fpl$printf1) for _printf_fp_dec
    main.o(i.main) refers to main.o(i.initGPIO) for initGPIO
    main.o(i.main) refers to main.o(i.I2C_Setup) for I2C_Setup
    main.o(i.main) refers to delay.o(i.DelayInit) for DelayInit
    main.o(i.main) refers to main.o(i.init_TMP102) for init_TMP102
    main.o(i.main) refers to lcd.o(i.lcd16x2_init) for lcd16x2_init
    main.o(i.main) refers to main.o(i.Receive) for Receive
    main.o(i.main) refers to f2d.o(x$fpl$f2d) for __aeabi_f2d
    main.o(i.main) refers to noretval__2sprintf.o(.text) for __2sprintf
    main.o(i.main) refers to lcd.o(i.lcd16x2_clrscr) for lcd16x2_clrscr
    main.o(i.main) refers to lcd.o(i.lcd16x2_gotoxy) for lcd16x2_gotoxy
    main.o(i.main) refers to lcd.o(i.lcd16x2_puts) for lcd16x2_puts
    main.o(i.main) refers to delay.o(i.DelayMs) for DelayMs
    lcd.o(i.lcd16x2_blink_off) refers to lcd.o(i.lcd16x2_write_command) for lcd16x2_write_command
    lcd.o(i.lcd16x2_blink_off) refers to lcd.o(.data) for display_cursor_on_off_control
    lcd.o(i.lcd16x2_blink_on) refers to lcd.o(i.lcd16x2_write_command) for lcd16x2_write_command
    lcd.o(i.lcd16x2_blink_on) refers to lcd.o(.data) for display_cursor_on_off_control
    lcd.o(i.lcd16x2_clrscr) refers to lcd.o(i.lcd16x2_write_command) for lcd16x2_write_command
    lcd.o(i.lcd16x2_create_custom_char) refers to lcd.o(i.lcd16x2_write_command) for lcd16x2_write_command
    lcd.o(i.lcd16x2_create_custom_char) refers to lcd.o(i.lcd16x2_write_data) for lcd16x2_write_data
    lcd.o(i.lcd16x2_cursor_off) refers to lcd.o(i.lcd16x2_write_command) for lcd16x2_write_command
    lcd.o(i.lcd16x2_cursor_off) refers to lcd.o(.data) for display_cursor_on_off_control
    lcd.o(i.lcd16x2_cursor_on) refers to lcd.o(i.lcd16x2_write_command) for lcd16x2_write_command
[...]
    fpclassify.o(i.__ARM_fpclassify) refers (Special) to usenofp.o(x$fpl$usenofp) for __I$use$fp
    libspace.o(.text) refers to libspace.o(.bss) for __libspace_start
    sys_stackheap_outer.o(.text) refers to libspace.o(.text) for __user_perproc_libspace
    sys_stackheap_outer.o(.text) refers to startup_stm32f10x_md.o(.text) for __user_initial_stackheap
    exit.o(.text) refers to rtexit.o(.ARM.Collect$$rtexit$$00000000) for __rt_exit
    libinit.o(.ARM.Collect$$libinit$$00000000) refers (Special) to libinit2.o(.ARM.Collect$$libinit$$0000002E) for __rt_lib_init_alloca_1
    libinit.o(.ARM.Collect$$libinit$$00000000) refers (Special) to libinit2.o(.ARM.Collect$$libinit$$0000002C) for __rt_lib_init_argv_1
    libinit.o(.ARM.Collect$$libinit$$00000000) refers (Special) to libinit2.o(.ARM.Collect$$libinit$$0000001B) for __rt_lib_init_atexit_1
    libinit.o(.ARM.Collect$$libinit$$00000000) refers (Special) to libinit2.o(.ARM.Collect$$libinit$$00000021) for __rt_lib_init_clock_1
    libinit.o(.ARM.Collect$$libinit$$00000000) refers (Special) to libinit2.o(.ARM.Collect$$libinit$$00000032) for __rt_lib_init_cpp_1
    libinit.o(.ARM.Collect$$libinit$$00000000) refers (Special) to libinit2.o(.ARM.Collect$$libinit$$00000030) for __rt_lib_init_exceptions_1
    libinit.o(.ARM.Collect$$libinit$$00000000) refers (Special) to libinit2.o(.ARM.Collect$$libinit$$00000002) for __rt_lib_init_fp_1
    libinit.o(.ARM.Collect$$libinit$$00000000) refers (Special) to libinit2.o(.ARM.Collect$$libinit$$0000001F) for __rt_lib_init_fp_trap_1
    libinit.o(.ARM.Collect$$libinit$$00000000) refers (Special) to libinit2.o(.ARM.Collect$$libinit$$00000023) for __rt_lib_init_getenv_1
    libinit.o(.ARM.Collect$$libinit$$00000000) refers (Special) to libinit2.o(.ARM.Collect$$libinit$$0000000A) for __rt_lib_init_heap_1
    libinit.o(.ARM.Collect$$libinit$$00000000) refers (Special) to libinit2.o(.ARM.Collect$$libinit$$00000011) for __rt_lib_init_lc_collate_1
    libinit.o(.ARM.Collect$$libinit$$00000000) refers (Special) to libinit2.o(.ARM.Collect$$libinit$$00000013) for __rt_lib_init_lc_ctype_1
    libinit.o(.ARM.Collect$$libinit$$00000000) refers (Special) to libinit2.o(.ARM.Collect$$libinit$$00000015) for __rt_lib_init_lc_monetary_1
    libinit.o(.ARM.Collect$$libinit$$00000000) refers (Special) to libinit2.o(.ARM.Collect$$libinit$$00000017) for __rt_lib_init_lc_numeric_1
    libinit.o(.ARM.Collect$$libinit$$00000000) refers (Special) to libinit2.o(.ARM.Collect$$libinit$$00000019) for __rt_lib_init_lc_time_1
    libinit.o(.ARM.Collect$$libinit$$00000000) refers (Special) to libinit2.o(.ARM.Collect$$libinit$$00000004) for __rt_lib_init_preinit_1
    libinit.o(.ARM.Collect$$libinit$$00000000) refers (Special) to libinit2.o(.ARM.Collect$$libinit$$0000000E) for __rt_lib_init_rand_1
    libinit.o(.ARM.Collect$$libinit$$00000000) refers (Special) to libinit2.o(.ARM.Collect$$libinit$$00000033) for __rt_lib_init_return
    libinit.o(.ARM.Collect$$libinit$$00000000) refers (Special) to libinit2.o(.ARM.Collect$$libinit$$0000001D) for __rt_lib_init_signal_1
    libinit.o(.ARM.Collect$$libinit$$00000000) refers (Special) to libinit2.o(.ARM.Collect$$libinit$$00000025) for __rt_lib_init_stdio_1
    libinit.o(.ARM.Collect$$libinit$$00000000) refers (Special) to libinit2.o(.ARM.Collect$$libinit$$0000000C) for __rt_lib_init_user_alloc_1
    libinit2.o(.ARM.Collect$$libinit$$0000000F) refers (Weak) to rt_locale_intlibspace.o(.text) for __rt_locale
    libinit2.o(.ARM.Collect$$libinit$$00000010) refers to libinit2.o(.ARM.Collect$$libinit$$0000000F) for .ARM.Collect$$libinit$$0000000F
    libinit2.o(.ARM.Collect$$libinit$$00000012) refers to libinit2.o(.ARM.Collect$$libinit$$0000000F) for .ARM.Collect$$libinit$$0000000F
    libinit2.o(.ARM.Collect$$libinit$$00000014) refers to libinit2.o(.ARM.Collect$$libinit$$0000000F) for .ARM.Collect$$libinit$$0000000F
    libinit2.o(.ARM.Collect$$libinit$$00000016) refers to libinit2.o(.ARM.Collect$$libinit$$0000000F) for .ARM.Collect$$libinit$$0000000F
    libinit2.o(.ARM.Collect$$libinit$$00000016) refers (Weak) to lc_numeric_c.o(locale$$code) for _get_lc_numeric
    libinit2.o(.ARM.Collect$$libinit$$00000018) refers to libinit2.o(.ARM.Collect$$libinit$$0000000F) for .ARM.Collect$$libinit$$0000000F
    libinit2.o(.ARM.Collect$$libinit$$00000026) refers to argv_veneer.o(.emb_text) for __ARM_argv_veneer
    libinit2.o(.ARM.Collect$$libinit$$00000027) refers to argv_veneer.o(.emb_text) for __ARM_argv_veneer
    rtexit.o(.ARM.Collect$$rtexit$$00000000) refers (Special) to rtexit2.o(.ARM.Collect$$rtexit$$00000004) for __rt_exit_exit
    rtexit.o(.ARM.Collect$$rtexit$$00000000) refers (Special) to rtexit2.o(.ARM.Collect$$rtexit$$00000003) for __rt_exit_ls
    rtexit.o(.ARM.Collect$$rtexit$$00000000) refers (Special) to rtexit2.o(.ARM.Collect$$rtexit$$00000002) for __rt_exit_prels_1
    rtexit.o(.ARM.exidx) refers (Special) to rtexit2.o(.ARM.Collect$$rtexit$$00000004) for __rt_exit_exit
    rtexit.o(.ARM.exidx) refers (Special) to rtexit2.o(.ARM.Collect$$rtexit$$00000003) for __rt_exit_ls
    rtexit.o(.ARM.exidx) refers (Special) to rtexit2.o(.ARM.Collect$$rtexit$$00000002) for __rt_exit_prels_1
    rtexit.o(.ARM.exidx) refers to rtexit.o(.ARM.Collect$$rtexit$$00000000) for .ARM.Collect$$rtexit$$00000000
    argv_veneer.o(.emb_text) refers to no_argv.o(.text) for __ARM_get_argv
    rtexit2.o(.ARM.Collect$$rtexit$$00000003) refers to libshutdown.o(.ARM.Collect$$libshutdown$$00000000) for __rt_lib_shutdown
    rtexit2.o(.ARM.Collect$$rtexit$$00000004) refers to sys_exit.o(.text) for _sys_exit
    rtexit2.o(.ARM.exidx) refers to rtexit2.o(.ARM.Collect$$rtexit$$00000001) for .ARM.Collect$$rtexit$$00000001
    rtexit2.o(.ARM.exidx) refers to rtexit2.o(.ARM.Collect$$rtexit$$00000003) for .ARM.Collect$$rtexit$$00000003
    rtexit2.o(.ARM.exidx) refers to rtexit2.o(.ARM.Collect$$rtexit$$00000004) for .ARM.Collect$$rtexit$$00000004
    _get_argv_nomalloc.o(.text) refers (Special) to hrguard.o(.text) for __heap_region$guard
    _get_argv_nomalloc.o(.text) refers to defsig_rtmem_outer.o(.text) for __rt_SIGRTMEM
    _get_argv_nomalloc.o(.text) refers to sys_command.o(.text) for _sys_command_string
    sys_command.o(.text) refers (Special) to use_no_semi.o(.text) for __I$use$semihosting
    sys_command.o(.text) refers (Special) to indicate_semi.o(.text) for __semihosting_library_function
    sys_exit.o(.text) refers (Special) to use_no_semi.o(.text) for __I$use$semihosting
    sys_exit.o(.text) refers (Special) to indicate_semi.o(.text) for __semihosting_library_function
    defsig_rtmem_outer.o(.text) refers to defsig_rtmem_inner.o(.text) for __rt_SIGRTMEM_inner
    defsig_rtmem_outer.o(.text) refers to defsig_exit.o(.text) for __sig_exit
    defsig_rtmem_formal.o(.text) refers to rt_raise.o(.text) for __rt_raise
    libshutdown.o(.ARM.Collect$$libshutdown$$00000000) refers (Special) to libshutdown2.o(.ARM.Collect$$libshutdown$$00000002) for __rt_lib_shutdown_cpp_1
    libshutdown.o(.ARM.Collect$$libshutdown$$00000000) refers (Special) to libshutdown2.o(.ARM.Collect$$libshutdown$$00000007) for __rt_lib_shutdown_fp_trap_1
    libshutdown.o(.ARM.Collect$$libshutdown$$00000000) refers (Special) to libshutdown2.o(.ARM.Collect$$libshutdown$$0000000F) for __rt_lib_shutdown_heap_1
    libshutdown.o(.ARM.Collect$$libshutdown$$00000000) refers (Special) to libshutdown2.o(.ARM.Collect$$libshutdown$$00000010) for __rt_lib_shutdown_return
    libshutdown.o(.ARM.Collect$$libshutdown$$00000000) refers (Special) to libshutdown2.o(.ARM.Collect$$libshutdown$$0000000A) for __rt_lib_shutdown_signal_1
    libshutdown.o(.ARM.Collect$$libshutdown$$00000000) refers (Special) to libshutdown2.o(.ARM.Collect$$libshutdown$$00000004) for __rt_lib_shutdown_stdio_1
    libshutdown.o(.ARM.Collect$$libshutdown$$00000000) refers (Special) to libshutdown2.o(.ARM.Collect$$libshutdown$$0000000C) for __rt_lib_shutdown_user_alloc_1
    rt_raise.o(.text) refers to __raise.o(.text) for __raise
    rt_raise.o(.text) refers to sys_exit.o(.text) for _sys_exit
    defsig_exit.o(.text) refers to sys_exit.o(.text) for _sys_exit
    defsig_rtmem_inner.o(.text) refers to defsig_general.o(.text) for __default_signal_display
    __raise.o(.text) refers to defsig.o(CL$$defsig) for __default_signal_handler
    defsig_general.o(.text) refers to sys_wrch.o(.text) for _ttywrch
    sys_wrch.o(.text) refers (Special) to use_no_semi.o(.text) for __I$use$semihosting
    sys_wrch.o(.text) refers (Special) to indicate_semi.o(.text) for __semihosting_library_function
    defsig.o(CL$$defsig) refers to defsig_rtmem_inner.o(.text) for __rt_SIGRTMEM_inner
    defsig_abrt_inner.o(.text) refers to defsig_general.o(.text) for __default_signal_display
    defsig_fpe_inner.o(.text) refers to defsig_general.o(.text) for __default_signal_display
    defsig_rtred_inner.o(.text) refers to defsig_general.o(.text) for __default_signal_display
    defsig_stak_inner.o(.text) refers to defsig_general.o(.text) for __default_signal_display
    defsig_pvfn_inner.o(.text) refers to defsig_general.o(.text) for __default_signal_display
    defsig_cppl_inner.o(.text) refers to defsig_general.o(.text) for __default_signal_display
    defsig_segv_inner.o(.text) refers to defsig_general.o(.text) for __default_signal_display
    defsig_other.o(.text) refers to defsig_general.o(.text) for __default_signal_display


==============================================================================

Removing Unused input sections from the image.

    Removing delay.o(.rev16_text), (4 bytes).
    Removing delay.o(.revsh_text), (4 bytes).
    Removing delay.o(.rrx_text), (6 bytes).
    Removing main.o(.rev16_text), (4 bytes).
    Removing main.o(.revsh_text), (4 bytes).
    Removing main.o(.rrx_text), (6 bytes).
    Removing main.o(i.Receive_TC74), (4 bytes).
    Removing main.o(i.init_TC74), (2 bytes).
    Removing lcd.o(.rev16_text), (4 bytes).
    Removing lcd.o(.revsh_text), (4 bytes).
    Removing lcd.o(.rrx_text), (6 bytes).
    Removing lcd.o(i.lcd16x2_blink_off), (32 bytes).
    Removing lcd.o(i.lcd16x2_blink_on), (32 bytes).
    Removing lcd.o(i.lcd16x2_create_custom_char), (38 bytes).
    Removing lcd.o(i.lcd16x2_cursor_off), (32 bytes).
    Removing lcd.o(i.lcd16x2_cursor_on), (32 bytes).
    Removing lcd.o(i.lcd16x2_cursor_shift_left), (10 bytes).
    Removing lcd.o(i.lcd16x2_cursor_shift_right), (10 bytes).
    Removing lcd.o(i.lcd16x2_display_off), (32 bytes).
    Removing lcd.o(i.lcd16x2_display_on), (32 bytes).
    Removing lcd.o(i.lcd16x2_display_shift_left), (10 bytes).
    Removing lcd.o(i.lcd16x2_display_shift_right), (10 bytes).
    Removing lcd.o(i.lcd16x2_entry_dec), (10 bytes).
    Removing lcd.o(i.lcd16x2_entry_dec_shift), (10 bytes).
    Removing lcd.o(i.lcd16x2_entry_inc_shift), (10 bytes).
    Removing lcd.o(i.lcd16x2_home), (10 bytes).
    Removing lcd.o(i.lcd16x2_put_custom_char), (24 bytes).
    Removing misc.o(.rev16_text), (4 bytes).
    Removing misc.o(.revsh_text), (4 bytes).
    Removing misc.o(.rrx_text), (6 bytes).
    Removing misc.o(i.NVIC_Init), (112 bytes).
    Removing misc.o(i.NVIC_PriorityGroupConfig), (20 bytes).
    Removing misc.o(i.NVIC_SetVectorTable), (20 bytes).
    Removing misc.o(i.NVIC_SystemLPConfig), (32 bytes).
    Removing misc.o(i.SysTick_CLKSourceConfig), (40 bytes).
    Removing stm32f10x_gpio.o(.rev16_text), (4 bytes).
    Removing stm32f10x_gpio.o(.revsh_text), (4 bytes).
    Removing stm32f10x_gpio.o(.rrx_text), (6 bytes).
    Removing stm32f10x_gpio.o(i.GPIO_AFIODeInit), (20 bytes).
    Removing stm32f10x_gpio.o(i.GPIO_DeInit), (200 bytes).
    Removing stm32f10x_gpio.o(i.GPIO_ETH_MediaInterfaceConfig), (12 bytes).
    Removing stm32f10x_gpio.o(i.GPIO_EXTILineConfig), (64 bytes).
    Removing stm32f10x_gpio.o(i.GPIO_EventOutputCmd), (12 bytes).
    Removing stm32f10x_gpio.o(i.GPIO_EventOutputConfig), (32 bytes).
    Removing stm32f10x_gpio.o(i.GPIO_PinLockConfig), (18 bytes).
    Removing stm32f10x_gpio.o(i.GPIO_ReadInputData), (8 bytes).
    Removing stm32f10x_gpio.o(i.GPIO_ReadInputDataBit), (18 bytes).
    Removing stm32f10x_gpio.o(i.GPIO_ReadOutputData), (8 bytes).
    Removing stm32f10x_gpio.o(i.GPIO_ReadOutputDataBit), (18 bytes).
    Removing stm32f10x_gpio.o(i.GPIO_ResetBits), (4 bytes).
    Removing stm32f10x_gpio.o(i.GPIO_SetBits), (4 bytes).
    Removing stm32f10x_gpio.o(i.GPIO_StructInit), (16 bytes).
    Removing stm32f10x_gpio.o(i.GPIO_Write), (4 bytes).
    Removing stm32f10x_gpio.o(i.GPIO_WriteBit), (10 bytes).
    Removing stm32f10x_i2c.o(.rev16_text), (4 bytes).
    Removing stm32f10x_i2c.o(.revsh_text), (4 bytes).
    Removing stm32f10x_i2c.o(.rrx_text), (6 bytes).
    Removing stm32f10x_i2c.o(i.I2C_ARPCmd), (24 bytes).
    Removing stm32f10x_i2c.o(i.I2C_CalculatePEC), (24 bytes).
    Removing stm32f10x_i2c.o(i.I2C_ClearFlag), (12 bytes).
    Removing stm32f10x_i2c.o(i.I2C_ClearITPendingBit), (12 bytes).
    Removing stm32f10x_i2c.o(i.I2C_DMACmd), (24 bytes).
    Removing stm32f10x_i2c.o(i.I2C_DMALastTransferCmd), (24 bytes).
    Removing stm32f10x_i2c.o(i.I2C_DeInit), (56 bytes).
    Removing stm32f10x_i2c.o(i.I2C_DualAddressCmd), (24 bytes).
    Removing stm32f10x_i2c.o(i.I2C_FastModeDutyCycleConfig), (28 bytes).
    Removing stm32f10x_i2c.o(i.I2C_GeneralCallCmd), (24 bytes).
    Removing stm32f10x_i2c.o(i.I2C_GetITStatus), (38 bytes).
    Removing stm32f10x_i2c.o(i.I2C_GetLastEvent), (26 bytes).
    Removing stm32f10x_i2c.o(i.I2C_GetPEC), (8 bytes).
    Removing stm32f10x_i2c.o(i.I2C_ITConfig), (18 bytes).
    Removing stm32f10x_i2c.o(i.I2C_OwnAddress2Config), (22 bytes).
    Removing stm32f10x_i2c.o(i.I2C_PECPositionConfig), (28 bytes).
    Removing stm32f10x_i2c.o(i.I2C_ReadRegister), (22 bytes).
    Removing stm32f10x_i2c.o(i.I2C_SMBusAlertConfig), (28 bytes).
    Removing stm32f10x_i2c.o(i.I2C_SoftwareResetCmd), (22 bytes).
    Removing stm32f10x_i2c.o(i.I2C_StretchClockCmd), (24 bytes).
    Removing stm32f10x_i2c.o(i.I2C_StructInit), (30 bytes).
    Removing stm32f10x_i2c.o(i.I2C_TransmitPEC), (24 bytes).
    Removing stm32f10x_rcc.o(.rev16_text), (4 bytes).
    Removing stm32f10x_rcc.o(.revsh_text), (4 bytes).
    Removing stm32f10x_rcc.o(.rrx_text), (6 bytes).
    Removing stm32f10x_rcc.o(i.RCC_ADCCLKConfig), (24 bytes).
    Removing stm32f10x_rcc.o(i.RCC_AHBPeriphClockCmd), (32 bytes).
    Removing stm32f10x_rcc.o(i.RCC_APB1PeriphResetCmd), (32 bytes).
    Removing stm32f10x_rcc.o(i.RCC_APB2PeriphResetCmd), (32 bytes).
    Removing stm32f10x_rcc.o(i.RCC_AdjustHSICalibrationValue), (24 bytes).
    Removing stm32f10x_rcc.o(i.RCC_BackupResetCmd), (12 bytes).
    Removing stm32f10x_rcc.o(i.RCC_ClearFlag), (20 bytes).
    Removing stm32f10x_rcc.o(i.RCC_ClearITPendingBit), (12 bytes).
    Removing stm32f10x_rcc.o(i.RCC_ClockSecuritySystemCmd), (12 bytes).
    Removing stm32f10x_rcc.o(i.RCC_DeInit), (76 bytes).
    Removing stm32f10x_rcc.o(i.RCC_GetFlagStatus), (60 bytes).
    Removing stm32f10x_rcc.o(i.RCC_GetITStatus), (24 bytes).
    Removing stm32f10x_rcc.o(i.RCC_GetSYSCLKSource), (16 bytes).
    Removing stm32f10x_rcc.o(i.RCC_HCLKConfig), (24 bytes).
    Removing stm32f10x_rcc.o(i.RCC_HSEConfig), (76 bytes).
    Removing stm32f10x_rcc.o(i.RCC_HSICmd), (12 bytes).
    Removing stm32f10x_rcc.o(i.RCC_ITConfig), (32 bytes).
    Removing stm32f10x_rcc.o(i.RCC_LSEConfig), (52 bytes).
    Removing stm32f10x_rcc.o(i.RCC_LSICmd), (12 bytes).
    Removing stm32f10x_rcc.o(i.RCC_MCOConfig), (12 bytes).
    Removing stm32f10x_rcc.o(i.RCC_PCLK1Config), (24 bytes).
    Removing stm32f10x_rcc.o(i.RCC_PCLK2Config), (24 bytes).
    Removing stm32f10x_rcc.o(i.RCC_PLLCmd), (12 bytes).
    Removing stm32f10x_rcc.o(i.RCC_PLLConfig), (28 bytes).
    Removing stm32f10x_rcc.o(i.RCC_RTCCLKCmd), (12 bytes).
    Removing stm32f10x_rcc.o(i.RCC_RTCCLKConfig), (16 bytes).
    Removing stm32f10x_rcc.o(i.RCC_SYSCLKConfig), (24 bytes).
    Removing stm32f10x_rcc.o(i.RCC_USBCLKConfig), (12 bytes).
    Removing stm32f10x_rcc.o(i.RCC_WaitForHSEStartUp), (56 bytes).
    Removing stm32f10x_usart.o(.rev16_text), (4 bytes).
    Removing stm32f10x_usart.o(.revsh_text), (4 bytes).
    Removing stm32f10x_usart.o(.rrx_text), (6 bytes).
    Removing stm32f10x_usart.o(i.USART_ClearFlag), (18 bytes).
    Removing stm32f10x_usart.o(i.USART_ClearITPendingBit), (30 bytes).
    Removing stm32f10x_usart.o(i.USART_ClockInit), (34 bytes).
    Removing stm32f10x_usart.o(i.USART_ClockStructInit), (12 bytes).
    Removing stm32f10x_usart.o(i.USART_Cmd), (24 bytes).
    Removing stm32f10x_usart.o(i.USART_DMACmd), (18 bytes).
    Removing stm32f10x_usart.o(i.USART_DeInit), (156 bytes).
    Removing stm32f10x_usart.o(i.USART_GetFlagStatus), (26 bytes).
    Removing stm32f10x_usart.o(i.USART_GetITStatus), (84 bytes).
    Removing stm32f10x_usart.o(i.USART_HalfDuplexCmd), (24 bytes).
    Removing stm32f10x_usart.o(i.USART_ITConfig), (74 bytes).
    Removing stm32f10x_usart.o(i.USART_Init), (216 bytes).
    Removing stm32f10x_usart.o(i.USART_IrDACmd), (24 bytes).
    Removing stm32f10x_usart.o(i.USART_IrDAConfig), (18 bytes).
    Removing stm32f10x_usart.o(i.USART_LINBreakDetectLengthConfig), (18 bytes).
    Removing stm32f10x_usart.o(i.USART_LINCmd), (24 bytes).
    Removing stm32f10x_usart.o(i.USART_OneBitMethodCmd), (24 bytes).
    Removing stm32f10x_usart.o(i.USART_OverSampling8Cmd), (22 bytes).
    Removing stm32f10x_usart.o(i.USART_ReceiveData), (10 bytes).
    Removing stm32f10x_usart.o(i.USART_ReceiverWakeUpCmd), (24 bytes).
    Removing stm32f10x_usart.o(i.USART_SendBreak), (10 bytes).
    Removing stm32f10x_usart.o(i.USART_SendData), (8 bytes).
    Removing stm32f10x_usart.o(i.USART_SetAddress), (18 bytes).
    Removing stm32f10x_usart.o(i.USART_SetGuardTime), (16 bytes).
    Removing stm32f10x_usart.o(i.USART_SetPrescaler), (16 bytes).
    Removing stm32f10x_usart.o(i.USART_SmartCardCmd), (24 bytes).
    Removing stm32f10x_usart.o(i.USART_SmartCardNACKCmd), (24 bytes).
    Removing stm32f10x_usart.o(i.USART_StructInit), (24 bytes).
    Removing stm32f10x_usart.o(i.USART_WakeUpConfig), (18 bytes).
    Removing system_stm32f10x.o(.rev16_text), (4 bytes).
    Removing system_stm32f10x.o(.revsh_text), (4 bytes).
    Removing system_stm32f10x.o(.rrx_text), (6 bytes).

146 unused section(s) (total 3522 bytes) removed from the image.

==============================================================================

Image Symbol Table

    Local Symbols

    Symbol Name                              Value     Ov Type        Size  Object(Section)

    ../clib/angel/boardlib.s                 0x00000000   Number         0  boardinit2.o ABSOLUTE
    ../clib/angel/boardlib.s                 0x00000000   Number         0  boardinit3.o ABSOLUTE
    ../clib/angel/boardlib.s                 0x00000000   Number         0  boardshut.o ABSOLUTE
    ../clib/angel/boardlib.s                 0x00000000   Number         0  boardinit1.o ABSOLUTE
    ../clib/angel/handlers.s                 0x00000000   Number         0  __scatter_zi.o ABSOLUTE
    ../clib/angel/handlers.s                 0x00000000   Number         0  __scatter_copy.o ABSOLUTE
    ../clib/angel/kernel.s                   0x00000000   Number         0  __rtentry4.o ABSOLUTE
    ../clib/angel/kernel.s                   0x00000000   Number         0  rtexit2.o ABSOLUTE
    ../clib/angel/kernel.s                   0x00000000   Number         0  __rtentry2.o ABSOLUTE
    ../clib/angel/kernel.s                   0x00000000   Number         0  __rtentry.o ABSOLUTE
    ../clib/angel/kernel.s                   0x00000000   Number         0  rtexit.o ABSOLUTE
    ../clib/angel/rt.s                       0x00000000   Number         0  rt_locale_intlibspace.o ABSOLUTE
    ../clib/angel/rt.s                       0x00000000   Number         0  rt_locale.o ABSOLUTE
    ../clib/angel/rt.s                       0x00000000   Number         0  rt_raise.o ABSOLUTE
    ../clib/angel/scatter.s                  0x00000000   Number         0  __scatter.o ABSOLUTE
    ../clib/angel/startup.s                  0x00000000   Number         0  __main.o ABSOLUTE
    ../clib/angel/sys.s                      0x00000000   Number         0  libspace.o ABSOLUTE
    ../clib/angel/sys.s                      0x00000000   Number         0  use_no_semi.o ABSOLUTE
    ../clib/angel/sys.s                      0x00000000   Number         0  indicate_semi.o ABSOLUTE
    ../clib/angel/sys.s                      0x00000000   Number         0  sys_stackheap_outer.o ABSOLUTE
    ../clib/angel/sysapp.c                   0x00000000   Number         0  sys_command.o ABSOLUTE
    ../clib/angel/sysapp.c                   0x00000000   Number         0  sys_exit.o ABSOLUTE
    ../clib/angel/sysapp.c                   0x00000000   Number         0  sys_wrch.o ABSOLUTE
    ../clib/armsys.c                         0x00000000   Number         0  argv_veneer.o ABSOLUTE
    ../clib/armsys.c                         0x00000000   Number         0  argv_veneer.o ABSOLUTE
    ../clib/armsys.c                         0x00000000   Number         0  _get_argv_nomalloc.o ABSOLUTE
    ../clib/armsys.c                         0x00000000   Number         0  no_argv.o ABSOLUTE
    ../clib/bigflt.c                         0x00000000   Number         0  bigflt0.o ABSOLUTE
    ../clib/btod.s                           0x00000000   Number         0  btod.o ABSOLUTE
    ../clib/heapalloc.c                      0x00000000   Number         0  hrguard.o ABSOLUTE
    ../clib/heapaux.c                        0x00000000   Number         0  heapauxi.o ABSOLUTE
    ../clib/libinit.s                        0x00000000   Number         0  libinit.o ABSOLUTE
    ../clib/libinit.s                        0x00000000   Number         0  libinit2.o ABSOLUTE
    ../clib/libinit.s                        0x00000000   Number         0  libshutdown.o ABSOLUTE
    ../clib/libinit.s                        0x00000000   Number         0  libshutdown2.o ABSOLUTE
    ../clib/locale.s                         0x00000000   Number         0  lc_numeric_c.o ABSOLUTE
    ../clib/longlong.s                       0x00000000   Number         0  lludiv10.o ABSOLUTE
    ../clib/memcpset.s                       0x00000000   Number         0  strcmpv7m.o ABSOLUTE
    ../clib/misc.s                           0x00000000   Number         0  printf_stubs.o ABSOLUTE
    ../clib/printf.c                         0x00000000   Number         0  __printf_ss.o ABSOLUTE
    ../clib/printf.c                         0x00000000   Number         0  __printf_flags_ss.o ABSOLUTE
    ../clib/printf.c                         0x00000000   Number         0  __printf_wp.o ABSOLUTE
    ../clib/printf.c                         0x00000000   Number         0  __printf_flags_wp.o ABSOLUTE
    ../clib/printf.c                         0x00000000   Number         0  _printf_char_common.o ABSOLUTE
    ../clib/printf.c                         0x00000000   Number         0  __printf_ss_wp.o ABSOLUTE
    ../clib/printf.c                         0x00000000   Number         0  __printf_flags_ss_wp.o ABSOLUTE
    ../clib/printf.c                         0x00000000   Number         0  _printf_fp_dec.o ABSOLUTE
    ../clib/printf.c                         0x00000000   Number         0  __printf_nopercent.o ABSOLUTE
    ../clib/printf.c                         0x00000000   Number         0  _printf_fp_infnan.o ABSOLUTE
    ../clib/printf.c                         0x00000000   Number         0  _sputc.o ABSOLUTE
    ../clib/printf.c                         0x00000000   Number         0  noretval__2sprintf.o ABSOLUTE
    ../clib/printf.c                         0x00000000   Number         0  __2sprintf.o ABSOLUTE
    ../clib/printf.c                         0x00000000   Number         0  __printf.o ABSOLUTE
    ../clib/printf.c                         0x00000000   Number         0  __printf_flags.o ABSOLUTE
    ../clib/printf_percent.s                 0x00000000   Number         0  _printf_percent.o ABSOLUTE
    ../clib/printf_percent.s                 0x00000000   Number         0  _printf_f.o ABSOLUTE
    ../clib/printf_percent.s                 0x00000000   Number         0  _printf_percent_end.o ABSOLUTE
    ../clib/signal.c                         0x00000000   Number         0  defsig_fpe_inner.o ABSOLUTE
    ../clib/signal.c                         0x00000000   Number         0  defsig_rtmem_formal.o ABSOLUTE
    ../clib/signal.c                         0x00000000   Number         0  defsig_rtmem_outer.o ABSOLUTE
    ../clib/signal.c                         0x00000000   Number         0  defsig_abrt_inner.o ABSOLUTE
    ../clib/signal.c                         0x00000000   Number         0  defsig_other.o ABSOLUTE
    ../clib/signal.c                         0x00000000   Number         0  __raise.o ABSOLUTE
    ../clib/signal.c                         0x00000000   Number         0  defsig_segv_inner.o ABSOLUTE
    ../clib/signal.c                         0x00000000   Number         0  defsig_rtmem_inner.o ABSOLUTE
    ../clib/signal.c                         0x00000000   Number         0  defsig_exit.o ABSOLUTE
    ../clib/signal.c                         0x00000000   Number         0  defsig_cppl_inner.o ABSOLUTE
    ../clib/signal.c                         0x00000000   Number         0  defsig_general.o ABSOLUTE
    ../clib/signal.c                         0x00000000   Number         0  defsig_rtred_inner.o ABSOLUTE
    ../clib/signal.c                         0x00000000   Number         0  defsig_stak_inner.o ABSOLUTE
    ../clib/signal.c                         0x00000000   Number         0  defsig_pvfn_inner.o ABSOLUTE
    ../clib/signal.s                         0x00000000   Number         0  defsig.o ABSOLUTE
    ../clib/stdlib.c                         0x00000000   Number         0  exit.o ABSOLUTE
    ../fplib/d2f.s                           0x00000000   Number         0  d2f.o ABSOLUTE
    ../fplib/dflt.s                          0x00000000   Number         0  dflt_clz.o ABSOLUTE
    ../fplib/dmul.s                          0x00000000   Number         0  dmul.o ABSOLUTE
    ../fplib/dnaninf.s                       0x00000000   Number         0  dnaninf.o ABSOLUTE
    ../fplib/dretinf.s                       0x00000000   Number         0  dretinf.o ABSOLUTE
    ../fplib/f2d.s                           0x00000000   Number         0  f2d.o ABSOLUTE
    ../fplib/fnaninf.s                       0x00000000   Number         0  fnaninf.o ABSOLUTE
    ../fplib/fpinit.s                        0x00000000   Number         0  fpinit.o ABSOLUTE
    ../fplib/fretinf.s                       0x00000000   Number         0  fretinf.o ABSOLUTE
    ../fplib/istatus.s                       0x00000000   Number         0  istatus.o ABSOLUTE
    ../fplib/printf1.s                       0x00000000   Number         0  printf1.o ABSOLUTE
    ../fplib/usenofp.s                       0x00000000   Number         0  usenofp.o ABSOLUTE
    ../mathlib/fpclassify.c                  0x00000000   Number         0  fpclassify.o ABSOLUTE
    C:\Keil_v5\ARM\PACK\Keil\STM32F1xx_DFP\2.1.0\Device\StdPeriph_Driver\src\misc.c 0x00000000   Number         0  misc.o ABSOLUTE
    C:\Keil_v5\ARM\PACK\Keil\STM32F1xx_DFP\2.1.0\Device\StdPeriph_Driver\src\stm32f10x_gpio.c 0x00000000   Number         0  stm32f10x_gpio.o ABSOLUTE
    C:\Keil_v5\ARM\PACK\Keil\STM32F1xx_DFP\2.1.0\Device\StdPeriph_Driver\src\stm32f10x_i2c.c 0x00000000   Number         0  stm32f10x_i2c.o ABSOLUTE
    C:\Keil_v5\ARM\PACK\Keil\STM32F1xx_DFP\2.1.0\Device\StdPeriph_Driver\src\stm32f10x_rcc.c 0x00000000   Number         0  stm32f10x_rcc.o ABSOLUTE
    C:\Keil_v5\ARM\PACK\Keil\STM32F1xx_DFP\2.1.0\Device\StdPeriph_Driver\src\stm32f10x_usart.c 0x00000000   Number         0  stm32f10x_usart.o ABSOLUTE
    C:\\Keil_v5\\ARM\\PACK\\Keil\\STM32F1xx_DFP\\2.1.0\\Device\\StdPeriph_Driver\\src\\misc.c 0x00000000   Number         0  misc.o ABSOLUTE
    C:\\Keil_v5\\ARM\\PACK\\Keil\\STM32F1xx_DFP\\2.1.0\\Device\\StdPeriph_Driver\\src\\stm32f10x_gpio.c 0x00000000   Number         0  stm32f10x_gpio.o ABSOLUTE
    C:\\Keil_v5\\ARM\\PACK\\Keil\\STM32F1xx_DFP\\2.1.0\\Device\\StdPeriph_Driver\\src\\stm32f10x_i2c.c 0x00000000   Number         0  stm32f10x_i2c.o ABSOLUTE
    C:\\Keil_v5\\ARM\\PACK\\Keil\\STM32F1xx_DFP\\2.1.0\\Device\\StdPeriph_Driver\\src\\stm32f10x_rcc.c 0x00000000   Number         0  stm32f10x_rcc.o ABSOLUTE
    C:\\Keil_v5\\ARM\\PACK\\Keil\\STM32F1xx_DFP\\2.1.0\\Device\\StdPeriph_Driver\\src\\stm32f10x_usart.c 0x00000000   Number         0  stm32f10x_usart.o ABSOLUTE
    RTE\Device\STM32F103RB\startup_stm32f10x_md.s 0x00000000   Number         0  startup_stm32f10x_md.o ABSOLUTE
    RTE\Device\STM32F103RB\system_stm32f10x.c 0x00000000   Number         0  system_stm32f10x.o ABSOLUTE
    RTE\\Device\\STM32F103RB\\system_stm32f10x.c 0x00000000   Number         0  system_stm32f10x.o ABSOLUTE
    dc.s                                     0x00000000   Number         0  dc.o ABSOLUTE
    delay.c                                  0x00000000   Number         0  delay.o ABSOLUTE
    delay.c                                  0x00000000   Number         0  delay.o ABSOLUTE
    lcd.c                                    0x00000000   Number         0  lcd.o ABSOLUTE
    lcd.c                                    0x00000000   Number         0  lcd.o ABSOLUTE
    main.c                                   0x00000000   Number         0  main.o ABSOLUTE
    main.c                                   0x00000000   Number         0  main.o ABSOLUTE
    RESET                                    0x08000000   Section      236  startup_stm32f10x_md.o(RESET)
    !!!main                                  0x080000ec   Section        8  __main.o(!!!main)
    !!!scatter                               0x080000f4   Section       52  __scatter.o(!!!scatter)
    !!handler_copy                           0x08000128   Section       26  __scatter_copy.o(!!handler_copy)
    !!handler_zi                             0x08000144   Section       28  __scatter_zi.o(!!handler_zi)
    .ARM.Collect$$_printf_percent$$00000000  0x08000160   Section        0  _printf_percent.o(.ARM.Collect$$_printf_percent$$00000000)
    .ARM.Collect$$_printf_percent$$00000003  0x08000160   Section        6  _printf_f.o(.ARM.Collect$$_printf_percent$$00000003)
    .ARM.Collect$$_printf_percent$$00000017  0x08000166   Section        4  _printf_percent_end.o(.ARM.Collect$$_printf_percent$$00000017)
    .ARM.Collect$$libinit$$00000000          0x0800016a   Section        2  libinit.o(.ARM.Collect$$libinit$$00000000)
    .ARM.Collect$$libinit$$00000002          0x0800016c   Section        0  libinit2.o(.ARM.Collect$$libinit$$00000002)
    .ARM.Collect$$libinit$$00000004          0x0800016c   Section        0  libinit2.o(.ARM.Collect$$libinit$$00000004)
    .ARM.Collect$$libinit$$0000000A          0x0800016c   Section        0  libinit2.o(.ARM.Collect$$libinit$$0000000A)
    .ARM.Collect$$libinit$$0000000C          0x0800016c   Section        0  libinit2.o(.ARM.Collect$$libinit$$0000000C)
    .ARM.Collect$$libinit$$0000000E          0x0800016c   Section        0  libinit2.o(.ARM.Collect$$libinit$$0000000E)
    .ARM.Collect$$libinit$$0000000F          0x0800016c   Section        6  libinit2.o(.ARM.Collect$$libinit$$0000000F)
    .ARM.Collect$$libinit$$00000011          0x08000172   Section        0  libinit2.o(.ARM.Collect$$libinit$$00000011)
    .ARM.Collect$$libinit$$00000013          0x08000172   Section        0  libinit2.o(.ARM.Collect$$libinit$$00000013)
    .ARM.Collect$$libinit$$00000015          0x08000172   Section        0  libinit2.o(.ARM.Collect$$libinit$$00000015)
    .ARM.Collect$$libinit$$00000016          0x08000172   Section       10  libinit2.o(.ARM.Collect$$libinit$$00000016)
    .ARM.Collect$$libinit$$00000017          0x0800017c   Section        0  libinit2.o(.ARM.Collect$$libinit$$00000017)
    .ARM.Collect$$libinit$$00000019          0x0800017c   Section        0  libinit2.o(.ARM.Collect$$libinit$$00000019)
    .ARM.Collect$$libinit$$0000001B          0x0800017c   Section        0  libinit2.o(.ARM.Collect$$libinit$$0000001B)
    .ARM.Collect$$libinit$$0000001D          0x0800017c   Section        0  libinit2.o(.ARM.Collect$$libinit$$0000001D)
    .ARM.Collect$$libinit$$0000001F          0x0800017c   Section        0  libinit2.o(.ARM.Collect$$libinit$$0000001F)
    .ARM.Collect$$libinit$$00000021          0x0800017c   Section        0  libinit2.o(.ARM.Collect$$libinit$$00000021)
    .ARM.Collect$$libinit$$00000023          0x0800017c   Section        0  libinit2.o(.ARM.Collect$$libinit$$00000023)
    .ARM.Collect$$libinit$$00000025          0x0800017c   Section        0  libinit2.o(.ARM.Collect$$libinit$$00000025)
    .ARM.Collect$$libinit$$0000002C          0x0800017c   Section        0  libinit2.o(.ARM.Collect$$libinit$$0000002C)
    .ARM.Collect$$libinit$$0000002E          0x0800017c   Section        0  libinit2.o(.ARM.Collect$$libinit$$0000002E)
    .ARM.Collect$$libinit$$00000030          0x0800017c   Section        0  libinit2.o(.ARM.Collect$$libinit$$00000030)
    .ARM.Collect$$libinit$$00000032          0x0800017c   Section        0  libinit2.o(.ARM.Collect$$libinit$$00000032)
    .ARM.Collect$$libinit$$00000033          0x0800017c   Section        2  libinit2.o(.ARM.Collect$$libinit$$00000033)
    .ARM.Collect$$libshutdown$$00000000      0x0800017e   Section        2  libshutdown.o(.ARM.Collect$$libshutdown$$00000000)
    .ARM.Collect$$libshutdown$$00000002      0x08000180   Section        0  libshutdown2.o(.ARM.Collect$$libshutdown$$00000002)
    .ARM.Collect$$libshutdown$$00000004      0x08000180   Section        0  libshutdown2.o(.ARM.Collect$$libshutdown$$00000004)
    .ARM.Collect$$libshutdown$$00000007      0x08000180   Section        0  libshutdown2.o(.ARM.Collect$$libshutdown$$00000007)
    .ARM.Collect$$libshutdown$$0000000A      0x08000180   Section        0  libshutdown2.o(.ARM.Collect$$libshutdown$$0000000A)
    .ARM.Collect$$libshutdown$$0000000C      0x08000180   Section        0  libshutdown2.o(.ARM.Collect$$libshutdown$$0000000C)
    .ARM.Collect$$libshutdown$$0000000F      0x08000180   Section        0  libshutdown2.o(.ARM.Collect$$libshutdown$$0000000F)
    .ARM.Collect$$libshutdown$$00000010      0x08000180   Section        2  libshutdown2.o(.ARM.Collect$$libshutdown$$00000010)
    .ARM.Collect$$rtentry$$00000000          0x08000182   Section        0  __rtentry.o(.ARM.Collect$$rtentry$$00000000)
    .ARM.Collect$$rtentry$$00000002          0x08000182   Section        0  __rtentry2.o(.ARM.Collect$$rtentry$$00000002)
    .ARM.Collect$$rtentry$$00000004          0x08000182   Section        6  __rtentry4.o(.ARM.Collect$$rtentry$$00000004)
    .ARM.Collect$$rtentry$$00000009          0x08000188   Section        0  __rtentry2.o(.ARM.Collect$$rtentry$$00000009)
    .ARM.Collect$$rtentry$$0000000A          0x08000188   Section        4  __rtentry2.o(.ARM.Collect$$rtentry$$0000000A)
    .ARM.Collect$$rtentry$$0000000C          0x0800018c   Section        0  __rtentry2.o(.ARM.Collect$$rtentry$$0000000C)
    .ARM.Collect$$rtentry$$0000000D          0x0800018c   Section        8  __rtentry2.o(.ARM.Collect$$rtentry$$0000000D)
    .ARM.Collect$$rtexit$$00000000           0x08000194   Section        2  rtexit.o(.ARM.Collect$$rtexit$$00000000)
    .ARM.Collect$$rtexit$$00000002           0x08000196   Section        0  rtexit2.o(.ARM.Collect$$rtexit$$00000002)
    .ARM.Collect$$rtexit$$00000003           0x08000196   Section        4  rtexit2.o(.ARM.Collect$$rtexit$$00000003)
    .ARM.Collect$$rtexit$$00000004           0x0800019a   Section        6  rtexit2.o(.ARM.Collect$$rtexit$$00000004)
    .text                                    0x080001a0   Section       64  startup_stm32f10x_md.o(.text)
    .text                                    0x080001e0   Section        0  noretval__2sprintf.o(.text)
    .text                                    0x08000208   Section        0  __printf_wp.o(.text)
    .text                                    0x08000316   Section        0  heapauxi.o(.text)
    .text                                    0x0800031c   Section        0  _printf_fp_dec.o(.text)
    _fp_digits                               0x0800031f   Thumb Code   428  _printf_fp_dec.o(.text)
    .text                                    0x08000738   Section        0  _printf_char_common.o(.text)
    _printf_input_char                       0x08000739   Thumb Code    10  _printf_char_common.o(.text)
    .text                                    0x08000768   Section        0  _sputc.o(.text)
    .text                                    0x08000774   Section        8  rt_locale_intlibspace.o(.text)
    .text                                    0x0800077c   Section      138  lludiv10.o(.text)
    .text                                    0x08000808   Section        0  _printf_fp_infnan.o(.text)
    .text                                    0x08000888   Section        0  bigflt0.o(.text)
    .text                                    0x08000964   Section        8  libspace.o(.text)
    .text                                    0x0800096c   Section       74  sys_stackheap_outer.o(.text)
    .text                                    0x080009b6   Section        0  exit.o(.text)
    .text                                    0x080009c8   Section      128  strcmpv7m.o(.text)
    .text                                    0x08000a48   Section        0  sys_exit.o(.text)
    .text                                    0x08000a54   Section        2  use_no_semi.o(.text)
    .text                                    0x08000a56   Section        0  indicate_semi.o(.text)
    CL$$btod_d2e                             0x08000a56   Section       62  btod.o(CL$$btod_d2e)
    CL$$btod_d2e_denorm_low                  0x08000a94   Section       70  btod.o(CL$$btod_d2e_denorm_low)
    CL$$btod_d2e_norm_op1                    0x08000ada   Section       96  btod.o(CL$$btod_d2e_norm_op1)
    CL$$btod_div_common                      0x08000b3a   Section      824  btod.o(CL$$btod_div_common)
    CL$$btod_e2e                             0x08000e72   Section      198  btod.o(CL$$btod_e2e)
    CL$$btod_ediv                            0x08000f38   Section       40  btod.o(CL$$btod_ediv)
    CL$$btod_emul                            0x08000f60   Section       40  btod.o(CL$$btod_emul)
    CL$$btod_mult_common                     0x08000f88   Section      580  btod.o(CL$$btod_mult_common)
    i.DelayInit                              0x080011cc   Section        0  delay.o(i.DelayInit)
    i.DelayMs                                0x08001230   Section        0  delay.o(i.DelayMs)
    i.DelayUs                                0x08001248   Section        0  delay.o(i.DelayUs)
    i.GPIO_Init                              0x0800125c   Section        0  stm32f10x_gpio.o(i.GPIO_Init)
    i.GPIO_PinRemapConfig                    0x08001374   Section        0  stm32f10x_gpio.o(i.GPIO_PinRemapConfig)
    i.I2C_AcknowledgeConfig                  0x08001404   Section        0  stm32f10x_i2c.o(i.I2C_AcknowledgeConfig)
    i.I2C_CheckEvent                         0x0800141c   Section        0  stm32f10x_i2c.o(i.I2C_CheckEvent)
    i.I2C_Cmd                                0x08001446   Section        0  stm32f10x_i2c.o(i.I2C_Cmd)
    i.I2C_GenerateSTART                      0x0800145e   Section        0  stm32f10x_i2c.o(i.I2C_GenerateSTART)
    i.I2C_GenerateSTOP                       0x08001476   Section        0  stm32f10x_i2c.o(i.I2C_GenerateSTOP)
    i.I2C_GetFlagStatus                      0x0800148e   Section        0  stm32f10x_i2c.o(i.I2C_GetFlagStatus)
    i.I2C_Init                               0x080014c8   Section        0  stm32f10x_i2c.o(i.I2C_Init)
    i.I2C_NACKPositionConfig                 0x080015b4   Section        0  stm32f10x_i2c.o(i.I2C_NACKPositionConfig)
    i.I2C_ReceiveData                        0x080015d0   Section        0  stm32f10x_i2c.o(i.I2C_ReceiveData)
    i.I2C_Send7bitAddress                    0x080015d8   Section        0  stm32f10x_i2c.o(i.I2C_Send7bitAddress)
    i.I2C_SendData                           0x080015ea   Section        0  stm32f10x_i2c.o(i.I2C_SendData)
    i.I2C_Setup                              0x080015f0   Section        0  main.o(i.I2C_Setup)
    i.RCC_APB1PeriphClockCmd                 0x08001664   Section        0  stm32f10x_rcc.o(i.RCC_APB1PeriphClockCmd)
    i.RCC_APB2PeriphClockCmd                 0x08001684   Section        0  stm32f10x_rcc.o(i.RCC_APB2PeriphClockCmd)
    i.RCC_GetClocksFreq                      0x080016a4   Section        0  stm32f10x_rcc.o(i.RCC_GetClocksFreq)
    i.Receive                                0x08001778   Section        0  main.o(i.Receive)
    i.SetSysClock                            0x080018ac   Section        0  system_stm32f10x.o(i.SetSysClock)
    SetSysClock                              0x080018ad   Thumb Code     8  system_stm32f10x.o(i.SetSysClock)
    i.SetSysClockTo72                        0x080018b4   Section        0  system_stm32f10x.o(i.SetSysClockTo72)
    SetSysClockTo72                          0x080018b5   Thumb Code   214  system_stm32f10x.o(i.SetSysClockTo72)
    i.SysTick_Handler                        0x08001994   Section        0  delay.o(i.SysTick_Handler)
    i.SystemCoreClockUpdate                  0x080019ac   Section        0  system_stm32f10x.o(i.SystemCoreClockUpdate)
    i.SystemInit                             0x08001a50   Section        0  system_stm32f10x.o(i.SystemInit)
    i.__ARM_fpclassify                       0x08001ab0   Section        0  fpclassify.o(i.__ARM_fpclassify)
    i._is_digit                              0x08001ad8   Section        0  __printf_wp.o(i._is_digit)
    i.initGPIO                               0x08001ae8   Section        0  main.o(i.initGPIO)
    i.init_TMP102                            0x08001b20   Section        0  main.o(i.init_TMP102)
    i.lcd16x2_clrscr                         0x08001ba8   Section        0  lcd.o(i.lcd16x2_clrscr)
    i.lcd16x2_entry_inc                      0x08001bb2   Section        0  lcd.o(i.lcd16x2_entry_inc)
    i.lcd16x2_getxy                          0x08001bbc   Section        0  lcd.o(i.lcd16x2_getxy)
    i.lcd16x2_gotoxy                         0x08001bc4   Section        0  lcd.o(i.lcd16x2_gotoxy)
    i.lcd16x2_init                           0x08001be8   Section        0  lcd.o(i.lcd16x2_init)
    i.lcd16x2_new_line                       0x08001cd0   Section        0  lcd.o(i.lcd16x2_new_line)
    lcd16x2_new_line                         0x08001cd1   Thumb Code    24  lcd.o(i.lcd16x2_new_line)
    i.lcd16x2_putc                           0x08001ce8   Section        0  lcd.o(i.lcd16x2_putc)
    i.lcd16x2_puts                           0x08001d20   Section        0  lcd.o(i.lcd16x2_puts)
    i.lcd16x2_read                           0x08001d38   Section        0  lcd.o(i.lcd16x2_read)
    lcd16x2_read                             0x08001d39   Thumb Code   236  lcd.o(i.lcd16x2_read)
    i.lcd16x2_toggle_e                       0x08001e30   Section        0  lcd.o(i.lcd16x2_toggle_e)
    lcd16x2_toggle_e                         0x08001e31   Thumb Code    28  lcd.o(i.lcd16x2_toggle_e)
    i.lcd16x2_wait_busy                      0x08001e50   Section        0  lcd.o(i.lcd16x2_wait_busy)
    lcd16x2_wait_busy                        0x08001e51   Thumb Code    32  lcd.o(i.lcd16x2_wait_busy)
    i.lcd16x2_write                          0x08001e70   Section        0  lcd.o(i.lcd16x2_write)
    lcd16x2_write                            0x08001e71   Thumb Code   232  lcd.o(i.lcd16x2_write)
    i.lcd16x2_write_command                  0x08001f64   Section        0  lcd.o(i.lcd16x2_write_command)
    i.lcd16x2_write_data                     0x08001f76   Section        0  lcd.o(i.lcd16x2_write_data)
    i.main                                   0x08001f88   Section        0  main.o(i.main)
    locale$$code                             0x08001ff4   Section       44  lc_numeric_c.o(locale$$code)
    x$fpl$d2f                                0x08002020   Section       98  d2f.o(x$fpl$d2f)
    x$fpl$dflt                               0x08002082   Section       46  dflt_clz.o(x$fpl$dflt)
    x$fpl$dmul                               0x080020b0   Section      340  dmul.o(x$fpl$dmul)
    x$fpl$dnaninf                            0x08002204   Section      156  dnaninf.o(x$fpl$dnaninf)
    x$fpl$dretinf                            0x080022a0   Section       12  dretinf.o(x$fpl$dretinf)
    x$fpl$f2d                                0x080022ac   Section       86  f2d.o(x$fpl$f2d)
    x$fpl$fnaninf                            0x08002302   Section      140  fnaninf.o(x$fpl$fnaninf)
    x$fpl$fretinf                            0x0800238e   Section       10  fretinf.o(x$fpl$fretinf)
    x$fpl$printf1                            0x08002398   Section        4  printf1.o(x$fpl$printf1)
    .constdata                               0x0800239c   Section      148  bigflt0.o(.constdata)
    x$fpl$usenofp                            0x0800239c   Section        0  usenofp.o(x$fpl$usenofp)
    tenpwrs_x                                0x0800239c   Data          60  bigflt0.o(.constdata)
    tenpwrs_i                                0x080023d8   Data          64  bigflt0.o(.constdata)
    locale$$data                             0x08002450   Section       28  lc_numeric_c.o(locale$$data)
    __lcnum_c_name                           0x08002454   Data           2  lc_numeric_c.o(locale$$data)
    __lcnum_c_start                          0x0800245c   Data           0  lc_numeric_c.o(locale$$data)
    __lcnum_c_point                          0x08002468   Data           0  lc_numeric_c.o(locale$$data)
    __lcnum_c_thousands                      0x0800246a   Data           0  lc_numeric_c.o(locale$$data)
    __lcnum_c_grouping                       0x0800246b   Data           0  lc_numeric_c.o(locale$$data)
    __lcnum_c_end                            0x0800246c   Data           0  lc_numeric_c.o(locale$$data)
    .data                                    0x20000000   Section        4  delay.o(.data)
    usTicks                                  0x20000000   Data           4  delay.o(.data)
    .data                                    0x20000004   Section        8  main.o(.data)
    .data                                    0x2000000c   Section        6  lcd.o(.data)
    display_cursor_on_off_control            0x2000000c   Data           1  lcd.o(.data)
    .data                                    0x20000012   Section       20  stm32f10x_rcc.o(.data)
    APBAHBPrescTable                         0x20000012   Data          16  stm32f10x_rcc.o(.data)
    ADCPrescTable                            0x20000022   Data           4  stm32f10x_rcc.o(.data)
    .data                                    0x20000028   Section       20  system_stm32f10x.o(.data)
    .bss                                     0x2000003c   Section       96  libspace.o(.bss)
    HEAP                                     0x200000a0   Section      512  startup_stm32f10x_md.o(HEAP)
    Heap_Mem                                 0x200000a0   Data         512  startup_stm32f10x_md.o(HEAP)
    STACK                                    0x200002a0   Section     1024  startup_stm32f10x_md.o(STACK)
    Stack_Mem                                0x200002a0   Data        1024  startup_stm32f10x_md.o(STACK)
    __initial_sp                             0x200006a0   Data           0  startup_stm32f10x_md.o(STACK)

    Global Symbols

    Symbol Name                              Value     Ov Type        Size  Object(Section)

    BuildAttributes$$THM_ISAv4$P$D$K$B$S$PE$A:L22UL41UL21$X:L11$S22US41US21$IEEE1$IW$USESV6$~STKCKD$USESV7$~SHL$OTIME$ROPI$IEEEJ$EBA8$UX$STANDARDLIB$REQ8$PRES8$EABIv2 0x00000000   Number         0  anon$$obj.o ABSOLUTE
    __ARM_use_no_argv                        0x00000000   Number         0  main.o ABSOLUTE
    _printf_flags                            0x00000000   Number         0  printf_stubs.o ABSOLUTE
    _printf_return_value                     0x00000000   Number         0  printf_stubs.o ABSOLUTE
    _printf_sizespec                         0x00000000   Number         0  printf_stubs.o ABSOLUTE
    _printf_widthprec                        0x00000000   Number         0  printf_stubs.o ABSOLUTE
    __ARM_exceptions_init                     - Undefined Weak Reference
    __alloca_initialize                       - Undefined Weak Reference
    __arm_preinit_                            - Undefined Weak Reference
    __cpp_initialize__aeabi_                  - Undefined Weak Reference
    __cxa_finalize                            - Undefined Weak Reference
    __sigvec_lookup                           - Undefined Weak Reference
    _atexit_init                              - Undefined Weak Reference
    _call_atexit_fns                          - Undefined Weak Reference
    _clock_init                               - Undefined Weak Reference
    _fp_trap_init                             - Undefined Weak Reference
    _fp_trap_shutdown                         - Undefined Weak Reference
    _get_lc_collate                           - Undefined Weak Reference
    _get_lc_ctype                             - Undefined Weak Reference
    _get_lc_monetary                          - Undefined Weak Reference
    _get_lc_time                              - Undefined Weak Reference
    _getenv_init                              - Undefined Weak Reference
    _handle_redirection                       - Undefined Weak Reference
    _init_alloc                               - Undefined Weak Reference
    _init_user_alloc                          - Undefined Weak Reference
    _initio                                   - Undefined Weak Reference
    _printf_post_padding                      - Undefined Weak Reference
    _printf_pre_padding                       - Undefined Weak Reference
    _rand_init                                - Undefined Weak Reference
    _signal_finish                            - Undefined Weak Reference
    _signal_init                              - Undefined Weak Reference
    _terminate_alloc                          - Undefined Weak Reference
    _terminate_user_alloc                     - Undefined Weak Reference
    _terminateio                              - Undefined Weak Reference
    __Vectors_Size                           0x000000ec   Number         0  startup_stm32f10x_md.o ABSOLUTE
    __Vectors                                0x08000000   Data           4  startup_stm32f10x_md.o(RESET)
    __Vectors_End                            0x080000ec   Data           0  startup_stm32f10x_md.o(RESET)
    __main                                   0x080000ed   Thumb Code     8  __main.o(!!!main)
    __scatterload                            0x080000f5   Thumb Code     0  __scatter.o(!!!scatter)
    __scatterload_rt2                        0x080000f5   Thumb Code    44  __scatter.o(!!!scatter)
    __scatterload_rt2_thumb_only             0x080000f5   Thumb Code     0  __scatter.o(!!!scatter)
    __scatterload_null                       0x08000103   Thumb Code     0  __scatter.o(!!!scatter)
    __scatterload_copy                       0x08000129   Thumb Code    26  __scatter_copy.o(!!handler_copy)
    __scatterload_zeroinit                   0x08000145   Thumb Code    28  __scatter_zi.o(!!handler_zi)
    _printf_f                                0x08000161   Thumb Code     0  _printf_f.o(.ARM.Collect$$_printf_percent$$00000003)
    _printf_percent                          0x08000161   Thumb Code     0  _printf_percent.o(.ARM.Collect$$_printf_percent$$00000000)
    _printf_percent_end                      0x08000167   Thumb Code     0  _printf_percent_end.o(.ARM.Collect$$_printf_percent$$00000017)
    __rt_lib_init                            0x0800016b   Thumb Code     0  libinit.o(.ARM.Collect$$libinit$$00000000)
    __rt_lib_init_fp_1                       0x0800016d   Thumb Code     0  libinit2.o(.ARM.Collect$$libinit$$00000002)
    __rt_lib_init_heap_1                     0x0800016d   Thumb Code     0  libinit2.o(.ARM.Collect$$libinit$$0000000A)
    __rt_lib_init_lc_common                  0x0800016d   Thumb Code     0  libinit2.o(.ARM.Collect$$libinit$$0000000F)
    __rt_lib_init_preinit_1                  0x0800016d   Thumb Code     0  libinit2.o(.ARM.Collect$$libinit$$00000004)
    __rt_lib_init_rand_1                     0x0800016d   Thumb Code     0  libinit2.o(.ARM.Collect$$libinit$$0000000E)
    __rt_lib_init_user_alloc_1               0x0800016d   Thumb Code     0  libinit2.o(.ARM.Collect$$libinit$$0000000C)
    __rt_lib_init_lc_collate_1               0x08000173   Thumb Code     0  libinit2.o(.ARM.Collect$$libinit$$00000011)
    __rt_lib_init_lc_ctype_1                 0x08000173   Thumb Code     0  libinit2.o(.ARM.Collect$$libinit$$00000013)
    __rt_lib_init_lc_monetary_1              0x08000173   Thumb Code     0  libinit2.o(.ARM.Collect$$libinit$$00000015)
    __rt_lib_init_lc_numeric_2               0x08000173   Thumb Code     0  libinit2.o(.ARM.Collect$$libinit$$00000016)
    __rt_lib_init_alloca_1                   0x0800017d   Thumb Code     0  libinit2.o(.ARM.Collect$$libinit$$0000002E)
    __rt_lib_init_argv_1                     0x0800017d   Thumb Code     0  libinit2.o(.ARM.Collect$$libinit$$0000002C)
    __rt_lib_init_atexit_1                   0x0800017d   Thumb Code     0  libinit2.o(.ARM.Collect$$libinit$$0000001B)
    __rt_lib_init_clock_1                    0x0800017d   Thumb Code     0  libinit2.o(.ARM.Collect$$libinit$$00000021)
    __rt_lib_init_cpp_1                      0x0800017d   Thumb Code     0  libinit2.o(.ARM.Collect$$libinit$$00000032)
    __rt_lib_init_exceptions_1               0x0800017d   Thumb Code     0  libinit2.o(.ARM.Collect$$libinit$$00000030)
    __rt_lib_init_fp_trap_1                  0x0800017d   Thumb Code     0  libinit2.o(.ARM.Collect$$libinit$$0000001F)
    __rt_lib_init_getenv_1                   0x0800017d   Thumb Code     0  libinit2.o(.ARM.Collect$$libinit$$00000023)
    __rt_lib_init_lc_numeric_1               0x0800017d   Thumb Code     0  libinit2.o(.ARM.Collect$$libinit$$00000017)
    __rt_lib_init_lc_time_1                  0x0800017d   Thumb Code     0  libinit2.o(.ARM.Collect$$libinit$$00000019)
    __rt_lib_init_return                     0x0800017d   Thumb Code     0  libinit2.o(.ARM.Collect$$libinit$$00000033)
    __rt_lib_init_signal_1                   0x0800017d   Thumb Code     0  libinit2.o(.ARM.Collect$$libinit$$0000001D)
    __rt_lib_init_stdio_1                    0x0800017d   Thumb Code     0  libinit2.o(.ARM.Collect$$libinit$$00000025)
    __rt_lib_shutdown                        0x0800017f   Thumb Code     0  libshutdown.o(.ARM.Collect$$libshutdown$$00000000)
    __rt_lib_shutdown_cpp_1                  0x08000181   Thumb Code     0  libshutdown2.o(.ARM.Collect$$libshutdown$$00000002)
    __rt_lib_shutdown_fp_trap_1              0x08000181   Thumb Code     0  libshutdown2.o(.ARM.Collect$$libshutdown$$00000007)
    __rt_lib_shutdown_heap_1                 0x08000181   Thumb Code     0  libshutdown2.o(.ARM.Collect$$libshutdown$$0000000F)
    __rt_lib_shutdown_return                 0x08000181   Thumb Code     0  libshutdown2.o(.ARM.Collect$$libshutdown$$00000010)
    __rt_lib_shutdown_signal_1               0x08000181   Thumb Code     0  libshutdown2.o(.ARM.Collect$$libshutdown$$0000000A)
    __rt_lib_shutdown_stdio_1                0x08000181   Thumb Code     0  libshutdown2.o(.ARM.Collect$$libshutdown$$00000004)
    __rt_lib_shutdown_user_alloc_1           0x08000181   Thumb Code     0  libshutdown2.o(.ARM.Collect$$libshutdown$$0000000C)
    __rt_entry                               0x08000183   Thumb Code     0  __rtentry.o(.ARM.Collect$$rtentry$$00000000)
    __rt_entry_presh_1                       0x08000183   Thumb Code     0  __rtentry2.o(.ARM.Collect$$rtentry$$00000002)
    __rt_entry_sh                            0x08000183   Thumb Code     0  __rtentry4.o(.ARM.Collect$$rtentry$$00000004)
    __rt_entry_li                            0x08000189   Thumb Code     0  __rtentry2.o(.ARM.Collect$$rtentry$$0000000A)
    __rt_entry_postsh_1                      0x08000189   Thumb Code     0  __rtentry2.o(.ARM.Collect$$rtentry$$00000009)
    __rt_entry_main                          0x0800018d   Thumb Code     0  __rtentry2.o(.ARM.Collect$$rtentry$$0000000D)
    __rt_entry_postli_1                      0x0800018d   Thumb Code     0  __rtentry2.o(.ARM.Collect$$rtentry$$0000000C)
    __rt_exit                                0x08000195   Thumb Code     0  rtexit.o(.ARM.Collect$$rtexit$$00000000)
    __rt_exit_ls                             0x08000197   Thumb Code     0  rtexit2.o(.ARM.Collect$$rtexit$$00000003)
    __rt_exit_prels_1                        0x08000197   Thumb Code     0  rtexit2.o(.ARM.Collect$$rtexit$$00000002)
    __rt_exit_exit                           0x0800019b   Thumb Code     0  rtexit2.o(.ARM.Collect$$rtexit$$00000004)
    Reset_Handler                            0x080001a1   Thumb Code     8  startup_stm32f10x_md.o(.text)
    NMI_Handler                              0x080001a9   Thumb Code     2  startup_stm32f10x_md.o(.text)
    HardFault_Handler                        0x080001ab   Thumb Code     2  startup_stm32f10x_md.o(.text)
    MemManage_Handler                        0x080001ad   Thumb Code     2  startup_stm32f10x_md.o(.text)
    BusFault_Handler                         0x080001af   Thumb Code     2  startup_stm32f10x_md.o(.text)
    UsageFault_Handler                       0x080001b1   Thumb Code     2  startup_stm32f10x_md.o(.text)
    SVC_Handler                              0x080001b3   Thumb Code     2  startup_stm32f10x_md.o(.text)
    DebugMon_Handler                         0x080001b5   Thumb Code     2  startup_stm32f10x_md.o(.text)
    PendSV_Handler                           0x080001b7   Thumb Code     2  startup_stm32f10x_md.o(.text)
    ADC1_2_IRQHandler                        0x080001bb   Thumb Code     0  startup_stm32f10x_md.o(.text)
    CAN1_RX1_IRQHandler                      0x080001bb   Thumb Code     0  startup_stm32f10x_md.o(.text)
    CAN1_SCE_IRQHandler                      0x080001bb   Thumb Code     0  startup_stm32f10x_md.o(.text)
    DMA1_Channel1_IRQHandler                 0x080001bb   Thumb Code     0  startup_stm32f10x_md.o(.text)
    DMA1_Channel2_IRQHandler                 0x080001bb   Thumb Code     0  startup_stm32f10x_md.o(.text)
    DMA1_Channel3_IRQHandler                 0x080001bb   Thumb Code     0  startup_stm32f10x_md.o(.text)
    DMA1_Channel4_IRQHandler                 0x080001bb   Thumb Code     0  startup_stm32f10x_md.o(.text)
    DMA1_Channel5_IRQHandler                 0x080001bb   Thumb Code     0  startup_stm32f10x_md.o(.text)
    DMA1_Channel6_IRQHandler                 0x080001bb   Thumb Code     0  startup_stm32f10x_md.o(.text)
    DMA1_Channel7_IRQHandler                 0x080001bb   Thumb Code     0  startup_stm32f10x_md.o(.text)
    EXTI0_IRQHandler                         0x080001bb   Thumb Code     0  startup_stm32f10x_md.o(.text)
    EXTI15_10_IRQHandler                     0x080001bb   Thumb Code     0  startup_stm32f10x_md.o(.text)
    EXTI1_IRQHandler                         0x080001bb   Thumb Code     0  startup_stm32f10x_md.o(.text)
    EXTI2_IRQHandler                         0x080001bb   Thumb Code     0  startup_stm32f10x_md.o(.text)
    EXTI3_IRQHandler                         0x080001bb   Thumb Code     0  startup_stm32f10x_md.o(.text)
    EXTI4_IRQHandler                         0x080001bb   Thumb Code     0  startup_stm32f10x_md.o(.text)
    EXTI9_5_IRQHandler                       0x080001bb   Thumb Code     0  startup_stm32f10x_md.o(.text)
    FLASH_IRQHandler                         0x080001bb   Thumb Code     0  startup_stm32f10x_md.o(.text)
    I2C1_ER_IRQHandler                       0x080001bb   Thumb Code     0  startup_stm32f10x_md.o(.text)
    I2C1_EV_IRQHandler                       0x080001bb   Thumb Code     0  startup_stm32f10x_md.o(.text)
    I2C2_ER_IRQHandler                       0x080001bb   Thumb Code     0  startup_stm32f10x_md.o(.text)
    I2C2_EV_IRQHandler                       0x080001bb   Thumb Code     0  startup_stm32f10x_md.o(.text)
    PVD_IRQHandler                           0x080001bb   Thumb Code     0  startup_stm32f10x_md.o(.text)
    RCC_IRQHandler                           0x080001bb   Thumb Code     0  startup_stm32f10x_md.o(.text)
    RTCAlarm_IRQHandler                      0x080001bb   Thumb Code     0  startup_stm32f10x_md.o(.text)
    RTC_IRQHandler                           0x080001bb   Thumb Code     0  startup_stm32f10x_md.o(.text)
    SPI1_IRQHandler                          0x080001bb   Thumb Code     0  startup_stm32f10x_md.o(.text)
    SPI2_IRQHandler                          0x080001bb   Thumb Code     0  startup_stm32f10x_md.o(.text)
    TAMPER_IRQHandler                        0x080001bb   Thumb Code     0  startup_stm32f10x_md.o(.text)
    TIM1_BRK_IRQHandler                      0x080001bb   Thumb Code     0  startup_stm32f10x_md.o(.text)
    TIM1_CC_IRQHandler                       0x080001bb   Thumb Code     0  startup_stm32f10x_md.o(.text)
    TIM1_TRG_COM_IRQHandler                  0x080001bb   Thumb Code     0  startup_stm32f10x_md.o(.text)
    TIM1_UP_IRQHandler                       0x080001bb   Thumb Code     0  startup_stm32f10x_md.o(.text)
    TIM2_IRQHandler                          0x080001bb   Thumb Code     0  startup_stm32f10x_md.o(.text)
    TIM3_IRQHandler                          0x080001bb   Thumb Code     0  startup_stm32f10x_md.o(.text)
    TIM4_IRQHandler                          0x080001bb   Thumb Code     0  startup_stm32f10x_md.o(.text)
    USART1_IRQHandler                        0x080001bb   Thumb Code     0  startup_stm32f10x_md.o(.text)
    USART2_IRQHandler                        0x080001bb   Thumb Code     0  startup_stm32f10x_md.o(.text)
    USART3_IRQHandler                        0x080001bb   Thumb Code     0  startup_stm32f10x_md.o(.text)
    USBWakeUp_IRQHandler                     0x080001bb   Thumb Code     0  startup_stm32f10x_md.o(.text)
    USB_HP_CAN1_TX_IRQHandler                0x080001bb   Thumb Code     0  startup_stm32f10x_md.o(.text)
    USB_LP_CAN1_RX0_IRQHandler               0x080001bb   Thumb Code     0  startup_stm32f10x_md.o(.text)
    WWDG_IRQHandler                          0x080001bb   Thumb Code     0  startup_stm32f10x_md.o(.text)
    __user_initial_stackheap                 0x080001bd   Thumb Code     0  startup_stm32f10x_md.o(.text)
    __2sprintf                               0x080001e1   Thumb Code    34  noretval__2sprintf.o(.text)
    __printf                                 0x08000209   Thumb Code   270  __printf_wp.o(.text)
    __use_two_region_memory                  0x08000317   Thumb Code     2  heapauxi.o(.text)
    __rt_heap_escrow$2region                 0x08000319   Thumb Code     2  heapauxi.o(.text)
    __rt_heap_expand$2region                 0x0800031b   Thumb Code     2  heapauxi.o(.text)
    __lib_sel_fp_printf                      0x0800031d   Thumb Code     2  _printf_fp_dec.o(.text)
    _printf_fp_dec_real                      0x080004cb   Thumb Code   620  _printf_fp_dec.o(.text)
    _printf_char_common                      0x08000743   Thumb Code    32  _printf_char_common.o(.text)
    _sputc                                   0x08000769   Thumb Code    10  _sputc.o(.text)
    __rt_locale                              0x08000775   Thumb Code     8  rt_locale_intlibspace.o(.text)
    _ll_udiv10                               0x0800077d   Thumb Code   138  lludiv10.o(.text)
    _printf_fp_infnan                        0x08000809   Thumb Code   112  _printf_fp_infnan.o(.text)
    _btod_etento                             0x08000889   Thumb Code   216  bigflt0.o(.text)
    __user_libspace                          0x08000965   Thumb Code     8  libspace.o(.text)
    __user_perproc_libspace                  0x08000965   Thumb Code     0  libspace.o(.text)
    __user_perthread_libspace                0x08000965   Thumb Code     0  libspace.o(.text)
    __user_setup_stackheap                   0x0800096d   Thumb Code    74  sys_stackheap_outer.o(.text)
    exit                                     0x080009b7   Thumb Code    18  exit.o(.text)
    strcmp                                   0x080009c9   Thumb Code   128  strcmpv7m.o(.text)
    _sys_exit                                0x08000a49   Thumb Code     8  sys_exit.o(.text)
    __I$use$semihosting                      0x08000a55   Thumb Code     0  use_no_semi.o(.text)
    __use_no_semihosting_swi                 0x08000a55   Thumb Code     2  use_no_semi.o(.text)
    __semihosting_library_function           0x08000a57   Thumb Code     0  indicate_semi.o(.text)
    _btod_d2e                                0x08000a57   Thumb Code    62  btod.o(CL$$btod_d2e)
    _d2e_denorm_low                          0x08000a95   Thumb Code    70  btod.o(CL$$btod_d2e_denorm_low)
    _d2e_norm_op1                            0x08000adb   Thumb Code    96  btod.o(CL$$btod_d2e_norm_op1)
    __btod_div_common                        0x08000b3b   Thumb Code   696  btod.o(CL$$btod_div_common)
    _e2e                                     0x08000e73   Thumb Code   198  btod.o(CL$$btod_e2e)
    _btod_ediv                               0x08000f39   Thumb Code    40  btod.o(CL$$btod_ediv)
    _btod_emul                               0x08000f61   Thumb Code    40  btod.o(CL$$btod_emul)
    __btod_mult_common                       0x08000f89   Thumb Code   580  btod.o(CL$$btod_mult_common)
    DelayInit                                0x080011cd   Thumb Code    84  delay.o(i.DelayInit)
    DelayMs                                  0x08001231   Thumb Code    24  delay.o(i.DelayMs)
    DelayUs                                  0x08001249   Thumb Code    16  delay.o(i.DelayUs)
    GPIO_Init                                0x0800125d   Thumb Code   278  stm32f10x_gpio.o(i.GPIO_Init)
    GPIO_PinRemapConfig                      0x08001375   Thumb Code   138  stm32f10x_gpio.o(i.GPIO_PinRemapConfig)
    I2C_AcknowledgeConfig                    0x08001405   Thumb Code    24  stm32f10x_i2c.o(i.I2C_AcknowledgeConfig)
    I2C_CheckEvent                           0x0800141d   Thumb Code    42  stm32f10x_i2c.o(i.I2C_CheckEvent)
    I2C_Cmd                                  0x08001447   Thumb Code    24  stm32f10x_i2c.o(i.I2C_Cmd)
    I2C_GenerateSTART                        0x0800145f   Thumb Code    24  stm32f10x_i2c.o(i.I2C_GenerateSTART)
    I2C_GenerateSTOP                         0x08001477   Thumb Code    24  stm32f10x_i2c.o(i.I2C_GenerateSTOP)
    I2C_GetFlagStatus                        0x0800148f   Thumb Code    58  stm32f10x_i2c.o(i.I2C_GetFlagStatus)
    I2C_Init                                 0x080014c9   Thumb Code   222  stm32f10x_i2c.o(i.I2C_Init)
    I2C_NACKPositionConfig                   0x080015b5   Thumb Code    28  stm32f10x_i2c.o(i.I2C_NACKPositionConfig)
    I2C_ReceiveData                          0x080015d1   Thumb Code     8  stm32f10x_i2c.o(i.I2C_ReceiveData)
    I2C_Send7bitAddress                      0x080015d9   Thumb Code    18  stm32f10x_i2c.o(i.I2C_Send7bitAddress)
    I2C_SendData                             0x080015eb   Thumb Code     4  stm32f10x_i2c.o(i.I2C_SendData)
    I2C_Setup                                0x080015f1   Thumb Code   106  main.o(i.I2C_Setup)
    RCC_APB1PeriphClockCmd                   0x08001665   Thumb Code    26  stm32f10x_rcc.o(i.RCC_APB1PeriphClockCmd)
    RCC_APB2PeriphClockCmd                   0x08001685   Thumb Code    26  stm32f10x_rcc.o(i.RCC_APB2PeriphClockCmd)
    RCC_GetClocksFreq                        0x080016a5   Thumb Code   192  stm32f10x_rcc.o(i.RCC_GetClocksFreq)
    Receive                                  0x08001779   Thumb Code   282  main.o(i.Receive)
    SysTick_Handler                          0x08001995   Thumb Code    18  delay.o(i.SysTick_Handler)
    SystemCoreClockUpdate                    0x080019ad   Thumb Code   142  system_stm32f10x.o(i.SystemCoreClockUpdate)
    SystemInit                               0x08001a51   Thumb Code    78  system_stm32f10x.o(i.SystemInit)
    __ARM_fpclassify                         0x08001ab1   Thumb Code    40  fpclassify.o(i.__ARM_fpclassify)
    _is_digit                                0x08001ad9   Thumb Code    14  __printf_wp.o(i._is_digit)
    initGPIO                                 0x08001ae9   Thumb Code    48  main.o(i.initGPIO)
    init_TMP102                              0x08001b21   Thumb Code   122  main.o(i.init_TMP102)
    lcd16x2_clrscr                           0x08001ba9   Thumb Code    10  lcd.o(i.lcd16x2_clrscr)
    lcd16x2_entry_inc                        0x08001bb3   Thumb Code    10  lcd.o(i.lcd16x2_entry_inc)
    lcd16x2_getxy                            0x08001bbd   Thumb Code     8  lcd.o(i.lcd16x2_getxy)
    lcd16x2_gotoxy                           0x08001bc5   Thumb Code    36  lcd.o(i.lcd16x2_gotoxy)
    lcd16x2_init                             0x08001be9   Thumb Code   206  lcd.o(i.lcd16x2_init)
    lcd16x2_putc                             0x08001ce9   Thumb Code    56  lcd.o(i.lcd16x2_putc)
    lcd16x2_puts                             0x08001d21   Thumb Code    22  lcd.o(i.lcd16x2_puts)
    lcd16x2_write_command                    0x08001f65   Thumb Code    18  lcd.o(i.lcd16x2_write_command)
    lcd16x2_write_data                       0x08001f77   Thumb Code    18  lcd.o(i.lcd16x2_write_data)
    main                                     0x08001f89   Thumb Code    88  main.o(i.main)
    _get_lc_numeric                          0x08001ff5   Thumb Code    44  lc_numeric_c.o(locale$$code)
    __aeabi_d2f                              0x08002021   Thumb Code     0  d2f.o(x$fpl$d2f)
    _d2f                                     0x08002021   Thumb Code    98  d2f.o(x$fpl$d2f)
    __aeabi_i2d                              0x08002083   Thumb Code     0  dflt_clz.o(x$fpl$dflt)
    _dflt                                    0x08002083   Thumb Code    46  dflt_clz.o(x$fpl$dflt)
    __aeabi_dmul                             0x080020b1   Thumb Code     0  dmul.o(x$fpl$dmul)
    _dmul                                    0x080020b1   Thumb Code   332  dmul.o(x$fpl$dmul)
    __fpl_dnaninf                            0x08002205   Thumb Code   156  dnaninf.o(x$fpl$dnaninf)
    __fpl_dretinf                            0x080022a1   Thumb Code    12  dretinf.o(x$fpl$dretinf)
    __aeabi_f2d                              0x080022ad   Thumb Code     0  f2d.o(x$fpl$f2d)
    _f2d                                     0x080022ad   Thumb Code    86  f2d.o(x$fpl$f2d)
    __fpl_fnaninf                            0x08002303   Thumb Code   140  fnaninf.o(x$fpl$fnaninf)
    __fpl_fretinf                            0x0800238f   Thumb Code    10  fretinf.o(x$fpl$fretinf)
    _printf_fp_dec                           0x08002399   Thumb Code     4  printf1.o(x$fpl$printf1)
    __I$use$fp                               0x0800239c   Number         0  usenofp.o(x$fpl$usenofp)
    Region$$Table$$Base                      0x08002430   Number         0  anon$$obj.o(Region$$Table)
    Region$$Table$$Limit                     0x08002450   Number         0  anon$$obj.o(Region$$Table)
    GPIO_InitStructure                       0x20000004   Data           4  main.o(.data)
    temp                                     0x20000008   Data           4  main.o(.data)
    GPIO_InitStruct                          0x2000000e   Data           4  lcd.o(.data)
    SystemCoreClock                          0x20000028   Data           4  system_stm32f10x.o(.data)
    AHBPrescTable                            0x2000002c   Data          16  system_stm32f10x.o(.data)
    __libspace_start                         0x2000003c   Data          96  libspace.o(.bss)
    __temporary_stack_top$libspace           0x2000009c   Data           0  libspace.o(.bss)



==============================================================================

Memory Map of the image

  Image Entry point : 0x080001a1

  Load Region LR_1 (Base: 0x08000000, Size: 0x000024a8, Max: 0xffffffff, ABSOLUTE)

    Execution Region ER_RO (Base: 0x08000000, Size: 0x0000246c, Max: 0xffffffff, ABSOLUTE)

    Base Addr    Size         Type   Attr      Idx    E Section Name        Object

    0x08000000   0x000000ec   Data   RO         1164    RESET               startup_stm32f10x_md.o
    0x080000ec   0x00000008   Code   RO         1247  * !!!main             c_w.l(__main.o)
    0x080000f4   0x00000034   Code   RO         1479    !!!scatter          c_w.l(__scatter.o)
    0x08000128   0x0000001a   Code   RO         1481    !!handler_copy      c_w.l(__scatter_copy.o)
    0x08000142   0x00000002   PAD
    0x08000144   0x0000001c   Code   RO         1483    !!handler_zi        c_w.l(__scatter_zi.o)
    0x08000160   0x00000000   Code   RO         1244    .ARM.Collect$$_printf_percent$$00000000  c_w.l(_printf_percent.o)
    0x08000160   0x00000006   Code   RO         1243    .ARM.Collect$$_printf_percent$$00000003  c_w.l(_printf_f.o)
    0x08000166   0x00000004   Code   RO         1270    .ARM.Collect$$_printf_percent$$00000017  c_w.l(_printf_percent_end.o)
    0x0800016a   0x00000002   Code   RO         1352    .ARM.Collect$$libinit$$00000000  c_w.l(libinit.o)
    0x0800016c   0x00000000   Code   RO         1354    .ARM.Collect$$libinit$$00000002  c_w.l(libinit2.o)
    0x0800016c   0x00000000   Code   RO         1356    .ARM.Collect$$libinit$$00000004  c_w.l(libinit2.o)
    0x0800016c   0x00000000   Code   RO         1359    .ARM.Collect$$libinit$$0000000A  c_w.l(libinit2.o)
    0x0800016c   0x00000000   Code   RO         1361    .ARM.Collect$$libinit$$0000000C  c_w.l(libinit2.o)
    0x0800016c   0x00000000   Code   RO         1363    .ARM.Collect$$libinit$$0000000E  c_w.l(libinit2.o)
    0x0800016c   0x00000006   Code   RO         1364    .ARM.Collect$$libinit$$0000000F  c_w.l(libinit2.o)
    0x08000172   0x00000000   Code   RO         1366    .ARM.Collect$$libinit$$00000011  c_w.l(libinit2.o)
    0x08000172   0x00000000   Code   RO         1368    .ARM.Collect$$libinit$$00000013  c_w.l(libinit2.o)
    0x08000172   0x00000000   Code   RO         1370    .ARM.Collect$$libinit$$00000015  c_w.l(libinit2.o)
    0x08000172   0x0000000a   Code   RO         1371    .ARM.Collect$$libinit$$00000016  c_w.l(libinit2.o)
    0x0800017c   0x00000000   Code   RO         1372    .ARM.Collect$$libinit$$00000017  c_w.l(libinit2.o)
    0x0800017c   0x00000000   Code   RO         1374    .ARM.Collect$$libinit$$00000019  c_w.l(libinit2.o)
    0x0800017c   0x00000000   Code   RO         1376    .ARM.Collect$$libinit$$0000001B  c_w.l(libinit2.o)
    0x0800017c   0x00000000   Code   RO         1378    .ARM.Collect$$libinit$$0000001D  c_w.l(libinit2.o)
    0x0800017c   0x00000000   Code   RO         1380    .ARM.Collect$$libinit$$0000001F  c_w.l(libinit2.o)
    0x0800017c   0x00000000   Code   RO         1382    .ARM.Collect$$libinit$$00000021  c_w.l(libinit2.o)
    0x0800017c   0x00000000   Code   RO         1384    .ARM.Collect$$libinit$$00000023  c_w.l(libinit2.o)
    0x0800017c   0x00000000   Code   RO         1386    .ARM.Collect$$libinit$$00000025  c_w.l(libinit2.o)
    0x0800017c   0x00000000   Code   RO         1390    .ARM.Collect$$libinit$$0000002C  c_w.l(libinit2.o)
    0x0800017c   0x00000000   Code   RO         1392    .ARM.Collect$$libinit$$0000002E  c_w.l(libinit2.o)
    0x0800017c   0x00000000   Code   RO         1394    .ARM.Collect$$libinit$$00000030  c_w.l(libinit2.o)
    0x0800017c   0x00000000   Code   RO         1396    .ARM.Collect$$libinit$$00000032  c_w.l(libinit2.o)
    0x0800017c   0x00000002   Code   RO         1397    .ARM.Collect$$libinit$$00000033  c_w.l(libinit2.o)
    0x0800017e   0x00000002   Code   RO         1427    .ARM.Collect$$libshutdown$$00000000  c_w.l(libshutdown.o)
    0x08000180   0x00000000   Code   RO         1438    .ARM.Collect$$libshutdown$$00000002  c_w.l(libshutdown2.o)
    0x08000180   0x00000000   Code   RO         1440    .ARM.Collect$$libshutdown$$00000004  c_w.l(libshutdown2.o)
    0x08000180   0x00000000   Code   RO         1443    .ARM.Collect$$libshutdown$$00000007  c_w.l(libshutdown2.o)
    0x08000180   0x00000000   Code   RO         1446    .ARM.Collect$$libshutdown$$0000000A  c_w.l(libshutdown2.o)
    0x08000180   0x00000000   Code   RO         1448    .ARM.Collect$$libshutdown$$0000000C  c_w.l(libshutdown2.o)
    0x08000180   0x00000000   Code   RO         1451    .ARM.Collect$$libshutdown$$0000000F  c_w.l(libshutdown2.o)
    0x08000180   0x00000002   Code   RO         1452    .ARM.Collect$$libshutdown$$00000010  c_w.l(libshutdown2.o)
    0x08000182   0x00000000   Code   RO         1263    .ARM.Collect$$rtentry$$00000000  c_w.l(__rtentry.o)
    0x08000182   0x00000000   Code   RO         1281    .ARM.Collect$$rtentry$$00000002  c_w.l(__rtentry2.o)
    0x08000182   0x00000006   Code   RO         1293    .ARM.Collect$$rtentry$$00000004  c_w.l(__rtentry4.o)
    0x08000188   0x00000000   Code   RO         1283    .ARM.Collect$$rtentry$$00000009  c_w.l(__rtentry2.o)
    0x08000188   0x00000004   Code   RO         1284    .ARM.Collect$$rtentry$$0000000A  c_w.l(__rtentry2.o)
    0x0800018c   0x00000000   Code   RO         1286    .ARM.Collect$$rtentry$$0000000C  c_w.l(__rtentry2.o)
    0x0800018c   0x00000008   Code   RO         1287    .ARM.Collect$$rtentry$$0000000D  c_w.l(__rtentry2.o)
    0x08000194   0x00000002   Code   RO         1398    .ARM.Collect$$rtexit$$00000000  c_w.l(rtexit.o)
    0x08000196   0x00000000   Code   RO         1405    .ARM.Collect$$rtexit$$00000002  c_w.l(rtexit2.o)
    0x08000196   0x00000004   Code   RO         1406    .ARM.Collect$$rtexit$$00000003  c_w.l(rtexit2.o)
    0x0800019a   0x00000006   Code   RO         1407    .ARM.Collect$$rtexit$$00000004  c_w.l(rtexit2.o)
    0x080001a0   0x00000040   Code   RO         1165  * .text               startup_stm32f10x_md.o
    0x080001e0   0x00000028   Code   RO         1219    .text               c_w.l(noretval__2sprintf.o)
    0x08000208   0x0000010e   Code   RO         1231    .text               c_w.l(__printf_wp.o)
    0x08000316   0x00000006   Code   RO         1245    .text               c_w.l(heapauxi.o)
    0x0800031c   0x0000041a   Code   RO         1264    .text               c_w.l(_printf_fp_dec.o)
    0x08000736   0x00000002   PAD
    0x08000738   0x00000030   Code   RO         1266    .text               c_w.l(_printf_char_common.o)
    0x08000768   0x0000000a   Code   RO         1268    .text               c_w.l(_sputc.o)
    0x08000772   0x00000002   PAD
    0x08000774   0x00000008   Code   RO         1298    .text               c_w.l(rt_locale_intlibspace.o)
    0x0800077c   0x0000008a   Code   RO         1300    .text               c_w.l(lludiv10.o)
    0x08000806   0x00000002   PAD
    0x08000808   0x00000080   Code   RO         1302    .text               c_w.l(_printf_fp_infnan.o)
    0x08000888   0x000000dc   Code   RO         1306    .text               c_w.l(bigflt0.o)
    0x08000964   0x00000008   Code   RO         1338    .text               c_w.l(libspace.o)
    0x0800096c   0x0000004a   Code   RO         1341    .text               c_w.l(sys_stackheap_outer.o)
    0x080009b6   0x00000012   Code   RO         1343    .text               c_w.l(exit.o)
    0x080009c8   0x00000080   Code   RO         1345    .text               c_w.l(strcmpv7m.o)
    0x08000a48   0x0000000c   Code   RO         1417    .text               c_w.l(sys_exit.o)
    0x08000a54   0x00000002   Code   RO         1428    .text               c_w.l(use_no_semi.o)
    0x08000a56   0x00000000   Code   RO         1430    .text               c_w.l(indicate_semi.o)
    0x08000a56   0x0000003e   Code   RO         1309    CL$$btod_d2e        c_w.l(btod.o)
    0x08000a94   0x00000046   Code   RO         1311    CL$$btod_d2e_denorm_low  c_w.l(btod.o)
    0x08000ada   0x00000060   Code   RO         1310    CL$$btod_d2e_norm_op1  c_w.l(btod.o)
    0x08000b3a   0x00000338   Code   RO         1319    CL$$btod_div_common  c_w.l(btod.o)
    0x08000e72   0x000000c6   Code   RO         1316    CL$$btod_e2e        c_w.l(btod.o)
    0x08000f38   0x00000028   Code   RO         1313    CL$$btod_ediv       c_w.l(btod.o)
    0x08000f60   0x00000028   Code   RO         1312    CL$$btod_emul       c_w.l(btod.o)
    0x08000f88   0x00000244   Code   RO         1318    CL$$btod_mult_common  c_w.l(btod.o)
    0x080011cc   0x00000064   Code   RO            4    i.DelayInit         delay.o
    0x08001230   0x00000018   Code   RO            5    i.DelayMs           delay.o
    0x08001248   0x00000014   Code   RO            6    i.DelayUs           delay.o
    0x0800125c   0x00000116   Code   RO          425    i.GPIO_Init         stm32f10x_gpio.o
    0x08001372   0x00000002   PAD
    0x08001374   0x00000090   Code   RO          427    i.GPIO_PinRemapConfig  stm32f10x_gpio.o
    0x08001404   0x00000018   Code   RO          546    i.I2C_AcknowledgeConfig  stm32f10x_i2c.o
    0x0800141c   0x0000002a   Code   RO          548    i.I2C_CheckEvent    stm32f10x_i2c.o
    0x08001446   0x00000018   Code   RO          551    i.I2C_Cmd           stm32f10x_i2c.o
    0x0800145e   0x00000018   Code   RO          558    i.I2C_GenerateSTART  stm32f10x_i2c.o
    0x08001476   0x00000018   Code   RO          559    i.I2C_GenerateSTOP  stm32f10x_i2c.o
    0x0800148e   0x0000003a   Code   RO          560    i.I2C_GetFlagStatus  stm32f10x_i2c.o
    0x080014c8   0x000000ec   Code   RO          565    i.I2C_Init          stm32f10x_i2c.o
    0x080015b4   0x0000001c   Code   RO          566    i.I2C_NACKPositionConfig  stm32f10x_i2c.o
    0x080015d0   0x00000008   Code   RO          570    i.I2C_ReceiveData   stm32f10x_i2c.o
    0x080015d8   0x00000012   Code   RO          572    i.I2C_Send7bitAddress  stm32f10x_i2c.o
    0x080015ea   0x00000004   Code   RO          573    i.I2C_SendData      stm32f10x_i2c.o
    0x080015ee   0x00000002   PAD
    0x080015f0   0x00000074   Code   RO           95    i.I2C_Setup         main.o
    0x08001664   0x00000020   Code   RO          763    i.RCC_APB1PeriphClockCmd  stm32f10x_rcc.o
    0x08001684   0x00000020   Code   RO          765    i.RCC_APB2PeriphClockCmd  stm32f10x_rcc.o
    0x080016a4   0x000000d4   Code   RO          773    i.RCC_GetClocksFreq  stm32f10x_rcc.o
    0x08001778   0x00000134   Code   RO           96    i.Receive           main.o
    0x080018ac   0x00000008   Code   RO         1172    i.SetSysClock       system_stm32f10x.o
    0x080018b4   0x000000e0   Code   RO         1173    i.SetSysClockTo72   system_stm32f10x.o
    0x08001994   0x00000018   Code   RO            7    i.SysTick_Handler   delay.o
    0x080019ac   0x000000a4   Code   RO         1174    i.SystemCoreClockUpdate  system_stm32f10x.o
    0x08001a50   0x00000060   Code   RO         1175    i.SystemInit        system_stm32f10x.o
    0x08001ab0   0x00000028   Code   RO         1336    i.__ARM_fpclassify  m_ws.l(fpclassify.o)
    0x08001ad8   0x0000000e   Code   RO         1233    i._is_digit         c_w.l(__printf_wp.o)
    0x08001ae6   0x00000002   PAD
    0x08001ae8   0x00000038   Code   RO           98    i.initGPIO          main.o
    0x08001b20   0x00000088   Code   RO          100    i.init_TMP102       main.o
    0x08001ba8   0x0000000a   Code   RO          177    i.lcd16x2_clrscr    lcd.o
    0x08001bb2   0x0000000a   Code   RO          189    i.lcd16x2_entry_inc  lcd.o
    0x08001bbc   0x00000008   Code   RO          191    i.lcd16x2_getxy     lcd.o
    0x08001bc4   0x00000024   Code   RO          192    i.lcd16x2_gotoxy    lcd.o
    0x08001be8   0x000000e8   Code   RO          194    i.lcd16x2_init      lcd.o
    0x08001cd0   0x00000018   Code   RO          195    i.lcd16x2_new_line  lcd.o
    0x08001ce8   0x00000038   Code   RO          197    i.lcd16x2_putc      lcd.o
    0x08001d20   0x00000016   Code   RO          198    i.lcd16x2_puts      lcd.o
    0x08001d36   0x00000002   PAD
    0x08001d38   0x000000f8   Code   RO          199    i.lcd16x2_read      lcd.o
    0x08001e30   0x00000020   Code   RO          200    i.lcd16x2_toggle_e  lcd.o
    0x08001e50   0x00000020   Code   RO          201    i.lcd16x2_wait_busy  lcd.o
    0x08001e70   0x000000f4   Code   RO          202    i.lcd16x2_write     lcd.o
    0x08001f64   0x00000012   Code   RO          203    i.lcd16x2_write_command  lcd.o
    0x08001f76   0x00000012   Code   RO          204    i.lcd16x2_write_data  lcd.o
    0x08001f88   0x0000006c   Code   RO          101    i.main              main.o
    0x08001ff4   0x0000002c   Code   RO         1332    locale$$code        c_w.l(lc_numeric_c.o)
    0x08002020   0x00000062   Code   RO         1249    x$fpl$d2f           fz_ws.l(d2f.o)
    0x08002082   0x0000002e   Code   RO         1252    x$fpl$dflt          fz_ws.l(dflt_clz.o)
    0x080020b0   0x00000154   Code   RO         1257    x$fpl$dmul          fz_ws.l(dmul.o)
    0x08002204   0x0000009c   Code   RO         1271    x$fpl$dnaninf       fz_ws.l(dnaninf.o)
    0x080022a0   0x0000000c   Code   RO         1273    x$fpl$dretinf       fz_ws.l(dretinf.o)
    0x080022ac   0x00000056   Code   RO         1259    x$fpl$f2d           fz_ws.l(f2d.o)
    0x08002302   0x0000008c   Code   RO         1275    x$fpl$fnaninf       fz_ws.l(fnaninf.o)
    0x0800238e   0x0000000a   Code   RO         1277    x$fpl$fretinf       fz_ws.l(fretinf.o)
    0x08002398   0x00000004   Code   RO         1261    x$fpl$printf1       fz_ws.l(printf1.o)
    0x0800239c   0x00000000   Code   RO         1279    x$fpl$usenofp       fz_ws.l(usenofp.o)
    0x0800239c   0x00000094   Data   RO         1307    .constdata          c_w.l(bigflt0.o)
    0x08002430   0x00000020   Data   RO         1477    Region$$Table       anon$$obj.o
    0x08002450   0x0000001c   Data   RO         1331    locale$$data        c_w.l(lc_numeric_c.o)


    Execution Region ER_RW (Base: 0x20000000, Size: 0x0000003c, Max: 0xffffffff, ABSOLUTE)

    Base Addr    Size         Type   Attr      Idx    E Section Name        Object

    0x20000000   0x00000004   Data   RW            8    .data               delay.o
    0x20000004   0x00000008   Data   RW          102    .data               main.o
    0x2000000c   0x00000006   Data   RW          205    .data               lcd.o
    0x20000012   0x00000014   Data   RW          793    .data               stm32f10x_rcc.o
    0x20000026   0x00000002   PAD
    0x20000028   0x00000014   Data   RW         1176    .data               system_stm32f10x.o


    Execution Region ER_ZI (Base: 0x2000003c, Size: 0x00000664, Max: 0xffffffff, ABSOLUTE)

    Base Addr    Size         Type   Attr      Idx    E Section Name        Object

    0x2000003c   0x00000060   Zero   RW         1339    .bss                c_w.l(libspace.o)
    0x2000009c   0x00000004   PAD
    0x200000a0   0x00000200   Zero   RW         1163    HEAP                startup_stm32f10x_md.o
    0x200002a0   0x00000400   Zero   RW         1162    STACK               startup_stm32f10x_md.o


==============================================================================

Image component sizes


      Code (inc. data)   RO Data    RW Data    ZI Data      Debug   Object Name

       168         26          0          4          0     258693   delay.o
       990         54          0          6          0       7518   lcd.o
       724         78          0          8          0       3128   main.o
        64         26        236          0       1536        848   startup_stm32f10x_md.o
       422          6          0          0          0       2950   stm32f10x_gpio.o
       490         14          0          0          0       8737   stm32f10x_i2c.o
       276         32          0         20          0       4606   stm32f10x_rcc.o
       492         50          0         20          0       3085   system_stm32f10x.o

    ----------------------------------------------------------------------
      3632        286        268         60       1536     289565   Object Totals
         0          0         32          0          0          0   (incl. Generated)
         6          0          0          2          0          0   (incl. Padding)

    ----------------------------------------------------------------------

      Code (inc. data)   RO Data    RW Data    ZI Data      Debug   Library Member Name

         8          0          0          0          0         68   __main.o
       284          0          0          0          0        156   __printf_wp.o
         0          0          0          0          0          0   __rtentry.o
        12          0          0          0          0          0   __rtentry2.o
         6          0          0          0          0          0   __rtentry4.o
        52          8          0          0          0          0   __scatter.o
        26          0          0          0          0          0   __scatter_copy.o
        28          0          0          0          0          0   __scatter_zi.o
        48          6          0          0          0         96   _printf_char_common.o
         6          0          0          0          0          0   _printf_f.o
      1050          0          0          0          0        216   _printf_fp_dec.o
       128         16          0          0          0         84   _printf_fp_infnan.o
         0          0          0          0          0          0   _printf_percent.o
         4          0          0          0          0          0   _printf_percent_end.o
        10          0          0          0          0         68   _sputc.o
       220          4        148          0          0         96   bigflt0.o
      1910        128          0          0          0        672   btod.o
        18          0          0          0          0         80   exit.o
         6          0          0          0          0        152   heapauxi.o
         0          0          0          0          0          0   indicate_semi.o
        44         10         28          0          0         76   lc_numeric_c.o
         2          0          0          0          0          0   libinit.o
        18          0          0          0          0          0   libinit2.o
         2          0          0          0          0          0   libshutdown.o
         2          0          0          0          0          0   libshutdown2.o
         8          4          0          0         96         68   libspace.o
       138          0          0          0          0         80   lludiv10.o
        40          6          0          0          0         84   noretval__2sprintf.o
         8          4          0          0          0         68   rt_locale_intlibspace.o
         2          0          0          0          0          0   rtexit.o
        10          0          0          0          0          0   rtexit2.o
       128          0          0          0          0         68   strcmpv7m.o
        12          4          0          0          0         68   sys_exit.o
        74          0          0          0          0         80   sys_stackheap_outer.o
         2          0          0          0          0         68   use_no_semi.o
        98          4          0          0          0         92   d2f.o
        46          0          0          0          0         68   dflt_clz.o
       340         12          0          0          0        104   dmul.o
       156          4          0          0          0         92   dnaninf.o
        12          0          0          0          0         68   dretinf.o
        86          4          0          0          0         84   f2d.o
       140          4          0          0          0         84   fnaninf.o
        10          0          0          0          0         68   fretinf.o
         4          0          0          0          0         68   printf1.o
         0          0          0          0          0          0   usenofp.o
        40          0          0          0          0         68   fpclassify.o

    ----------------------------------------------------------------------
      5248        218        176          0        100       3144   Library Totals
        10          0          0          0          4          0   (incl. Padding)

    ----------------------------------------------------------------------

      Code (inc. data)   RO Data    RW Data    ZI Data      Debug   Library Name

      4306        190        176          0         96       2348   c_w.l
       892         28          0          0          0        728   fz_ws.l
        40          0          0          0          0         68   m_ws.l

    ----------------------------------------------------------------------
      5248        218        176          0        100       3144   Library Totals

    ----------------------------------------------------------------------

==============================================================================


      Code (inc. data)   RO Data    RW Data    ZI Data      Debug   

      8880        504        444         60       1636     288857   Grand Totals
      8880        504        444         60       1636     288857   ELF Image Totals
      8880        504        444         60          0          0   ROM Totals

==============================================================================

    Total RO  Size (Code + RO Data)                 9324 (   9.11kB)
    Total RW  Size (RW Data + ZI Data)              1696 (   1.66kB)
    Total ROM Size (Code + RO Data + RW Data)       9384 (   9.16kB)

==============================================================================

